Archive member included because of file (symbol)

/usr/local/CrossPack-AVR-20131216/lib/gcc/avr/4.8.1/../../../../avr/lib/avr5/libm.a(addsf3.o)
                              K7NVH_PoE_PDU.o (__subsf3)
/usr/local/CrossPack-AVR-20131216/lib/gcc/avr/4.8.1/../../../../avr/lib/avr5/libm.a(addsf3x.o)
                              /usr/local/CrossPack-AVR-20131216/lib/gcc/avr/4.8.1/../../../../avr/lib/avr5/libm.a(addsf3.o) (__addsf3x)
/usr/local/CrossPack-AVR-20131216/lib/gcc/avr/4.8.1/../../../../avr/lib/avr5/libm.a(cmpsf2.o)
                              K7NVH_PoE_PDU.o (__ltsf2)
/usr/local/CrossPack-AVR-20131216/lib/gcc/avr/4.8.1/../../../../avr/lib/avr5/libm.a(divsf3.o)
                              K7NVH_PoE_PDU.o (__divsf3)
/usr/local/CrossPack-AVR-20131216/lib/gcc/avr/4.8.1/../../../../avr/lib/avr5/libm.a(divsf3x.o)
                              /usr/local/CrossPack-AVR-20131216/lib/gcc/avr/4.8.1/../../../../avr/lib/avr5/libm.a(divsf3.o) (__divsf3x)
/usr/local/CrossPack-AVR-20131216/lib/gcc/avr/4.8.1/../../../../avr/lib/avr5/libm.a(fixsfsi.o)
                              K7NVH_PoE_PDU.o (__fixsfsi)
/usr/local/CrossPack-AVR-20131216/lib/gcc/avr/4.8.1/../../../../avr/lib/avr5/libm.a(fixunssfsi.o)
                              /usr/local/CrossPack-AVR-20131216/lib/gcc/avr/4.8.1/../../../../avr/lib/avr5/libm.a(fixsfsi.o) (__fixunssfsi)
/usr/local/CrossPack-AVR-20131216/lib/gcc/avr/4.8.1/../../../../avr/lib/avr5/libm.a(floatsisf.o)
                              K7NVH_PoE_PDU.o (__floatunsisf)
/usr/local/CrossPack-AVR-20131216/lib/gcc/avr/4.8.1/../../../../avr/lib/avr5/libm.a(fp_cmp.o)
                              /usr/local/CrossPack-AVR-20131216/lib/gcc/avr/4.8.1/../../../../avr/lib/avr5/libm.a(cmpsf2.o) (__fp_cmp)
/usr/local/CrossPack-AVR-20131216/lib/gcc/avr/4.8.1/../../../../avr/lib/avr5/libm.a(fp_inf.o)
                              /usr/local/CrossPack-AVR-20131216/lib/gcc/avr/4.8.1/../../../../avr/lib/avr5/libm.a(addsf3x.o) (__fp_inf)
/usr/local/CrossPack-AVR-20131216/lib/gcc/avr/4.8.1/../../../../avr/lib/avr5/libm.a(fp_nan.o)
                              /usr/local/CrossPack-AVR-20131216/lib/gcc/avr/4.8.1/../../../../avr/lib/avr5/libm.a(addsf3x.o) (__fp_nan)
/usr/local/CrossPack-AVR-20131216/lib/gcc/avr/4.8.1/../../../../avr/lib/avr5/libm.a(fp_pscA.o)
                              /usr/local/CrossPack-AVR-20131216/lib/gcc/avr/4.8.1/../../../../avr/lib/avr5/libm.a(addsf3x.o) (__fp_pscA)
/usr/local/CrossPack-AVR-20131216/lib/gcc/avr/4.8.1/../../../../avr/lib/avr5/libm.a(fp_pscB.o)
                              /usr/local/CrossPack-AVR-20131216/lib/gcc/avr/4.8.1/../../../../avr/lib/avr5/libm.a(addsf3x.o) (__fp_pscB)
/usr/local/CrossPack-AVR-20131216/lib/gcc/avr/4.8.1/../../../../avr/lib/avr5/libm.a(fp_round.o)
                              /usr/local/CrossPack-AVR-20131216/lib/gcc/avr/4.8.1/../../../../avr/lib/avr5/libm.a(addsf3.o) (__fp_round)
/usr/local/CrossPack-AVR-20131216/lib/gcc/avr/4.8.1/../../../../avr/lib/avr5/libm.a(fp_split3.o)
                              /usr/local/CrossPack-AVR-20131216/lib/gcc/avr/4.8.1/../../../../avr/lib/avr5/libm.a(addsf3x.o) (__fp_split3)
/usr/local/CrossPack-AVR-20131216/lib/gcc/avr/4.8.1/../../../../avr/lib/avr5/libm.a(fp_zero.o)
                              /usr/local/CrossPack-AVR-20131216/lib/gcc/avr/4.8.1/../../../../avr/lib/avr5/libm.a(addsf3x.o) (__fp_zero)
/usr/local/CrossPack-AVR-20131216/lib/gcc/avr/4.8.1/../../../../avr/lib/avr5/libm.a(gesf2.o)
                              K7NVH_PoE_PDU.o (__gtsf2)
/usr/local/CrossPack-AVR-20131216/lib/gcc/avr/4.8.1/../../../../avr/lib/avr5/libm.a(mulsf3.o)
                              K7NVH_PoE_PDU.o (__mulsf3)
/usr/local/CrossPack-AVR-20131216/lib/gcc/avr/4.8.1/../../../../avr/lib/avr5/libm.a(mulsf3x.o)
                              /usr/local/CrossPack-AVR-20131216/lib/gcc/avr/4.8.1/../../../../avr/lib/avr5/libm.a(mulsf3.o) (__mulsf3x)
/usr/local/CrossPack-AVR-20131216/lib/gcc/avr/4.8.1/../../../../avr/lib/avr5/libm.a(unordsf2.o)
                              K7NVH_PoE_PDU.o (__unordsf2)
/usr/local/CrossPack-AVR-20131216/lib/gcc/avr/4.8.1/../../../../avr/lib/avr5/libprintf_flt.a(vfprintf_flt.o)
                              (vfprintf)
/usr/local/CrossPack-AVR-20131216/lib/gcc/avr/4.8.1/avr5/libgcc.a(_udivmodhi4.o)
                              K7NVH_PoE_PDU.o (__udivmodhi4)
/usr/local/CrossPack-AVR-20131216/lib/gcc/avr/4.8.1/avr5/libgcc.a(_divmodhi4.o)
                              K7NVH_PoE_PDU.o (__divmodhi4)
/usr/local/CrossPack-AVR-20131216/lib/gcc/avr/4.8.1/avr5/libgcc.a(_udivmodsi4.o)
                              K7NVH_PoE_PDU.o (__udivmodsi4)
/usr/local/CrossPack-AVR-20131216/lib/gcc/avr/4.8.1/avr5/libgcc.a(_exit.o)
                              /usr/local/CrossPack-AVR-20131216/lib/gcc/avr/4.8.1/../../../../avr/lib/avr5/crtm32u4.o (exit)
/usr/local/CrossPack-AVR-20131216/lib/gcc/avr/4.8.1/avr5/libgcc.a(_copy_data.o)
                              K7NVH_PoE_PDU.o (__do_copy_data)
[...]
Memory Configuration

Name             Origin             Length             Attributes
text             0x00000000         0x00020000         xr
data             0x00800060         0x0000ffa0         rw !x
eeprom           0x00810000         0x00010000         rw !x
fuse             0x00820000         0x00000400         rw !x
lock             0x00830000         0x00000400         rw !x
signature        0x00840000         0x00000400         rw !x
user_signatures  0x00850000         0x00000400         rw !x
*default*        0x00000000         0xffffffff

Linker script and memory map

Address of section .data set to 0x800100
LOAD /usr/local/CrossPack-AVR-20131216/lib/gcc/avr/4.8.1/../../../../avr/lib/avr5/crtm32u4.o
LOAD K7NVH_PoE_PDU.o
LOAD Descriptors.o
LOAD ../LUFA/LUFA/Drivers/USB/Class/Common/HIDParser.o
LOAD ../LUFA/LUFA/Drivers/USB/Core/AVR8/Device_AVR8.o
LOAD ../LUFA/LUFA/Drivers/USB/Core/AVR8/EndpointStream_AVR8.o
LOAD ../LUFA/LUFA/Drivers/USB/Core/AVR8/Endpoint_AVR8.o
LOAD ../LUFA/LUFA/Drivers/USB/Core/AVR8/Host_AVR8.o
LOAD ../LUFA/LUFA/Drivers/USB/Core/AVR8/PipeStream_AVR8.o
LOAD ../LUFA/LUFA/Drivers/USB/Core/AVR8/Pipe_AVR8.o
LOAD ../LUFA/LUFA/Drivers/USB/Core/AVR8/USBController_AVR8.o
LOAD ../LUFA/LUFA/Drivers/USB/Core/AVR8/USBInterrupt_AVR8.o
LOAD ../LUFA/LUFA/Drivers/USB/Core/ConfigDescriptors.o
LOAD ../LUFA/LUFA/Drivers/USB/Core/DeviceStandardReq.o
LOAD ../LUFA/LUFA/Drivers/USB/Core/Events.o
LOAD ../LUFA/LUFA/Drivers/USB/Core/HostStandardReq.o
LOAD ../LUFA/LUFA/Drivers/USB/Core/USBTask.o
LOAD ../LUFA/LUFA/Drivers/USB/Class/Device/AudioClassDevice.o
LOAD ../LUFA/LUFA/Drivers/USB/Class/Device/CDCClassDevice.o
LOAD ../LUFA/LUFA/Drivers/USB/Class/Device/HIDClassDevice.o
LOAD ../LUFA/LUFA/Drivers/USB/Class/Device/MassStorageClassDevice.o
LOAD ../LUFA/LUFA/Drivers/USB/Class/Device/MIDIClassDevice.o
LOAD ../LUFA/LUFA/Drivers/USB/Class/Device/PrinterClassDevice.o
LOAD ../LUFA/LUFA/Drivers/USB/Class/Device/RNDISClassDevice.o
LOAD ../LUFA/LUFA/Drivers/USB/Class/Host/AndroidAccessoryClassHost.o
LOAD ../LUFA/LUFA/Drivers/USB/Class/Host/AudioClassHost.o
LOAD ../LUFA/LUFA/Drivers/USB/Class/Host/CDCClassHost.o
LOAD ../LUFA/LUFA/Drivers/USB/Class/Host/HIDClassHost.o
LOAD ../LUFA/LUFA/Drivers/USB/Class/Host/MassStorageClassHost.o
LOAD ../LUFA/LUFA/Drivers/USB/Class/Host/MIDIClassHost.o
LOAD ../LUFA/LUFA/Drivers/USB/Class/Host/PrinterClassHost.o
LOAD ../LUFA/LUFA/Drivers/USB/Class/Host/RNDISClassHost.o
LOAD ../LUFA/LUFA/Drivers/USB/Class/Host/StillImageClassHost.o
LOAD /usr/local/CrossPack-AVR-20131216/lib/gcc/avr/4.8.1/../../../../avr/lib/avr5/libm.a
LOAD /usr/local/CrossPack-AVR-20131216/lib/gcc/avr/4.8.1/../../../../avr/lib/avr5/libprintf_flt.a
LOAD /usr/local/CrossPack-AVR-20131216/lib/gcc/avr/4.8.1/../../../../avr/lib/avr5/libm.a
START GROUP
LOAD /usr/local/CrossPack-AVR-20131216/lib/gcc/avr/4.8.1/avr5/libgcc.a
LOAD /usr/local/CrossPack-AVR-20131216/lib/gcc/avr/4.8.1/../../../../avr/lib/avr5/libm.a
LOAD /usr/local/CrossPack-AVR-20131216/lib/gcc/avr/4.8.1/../../../../avr/lib/avr5/libc.a
END GROUP

.hash
 *(.hash)

.dynsym
 *(.dynsym)

.dynstr
 *(.dynstr)

.gnu.version
 *(.gnu.version)

.gnu.version_d
 *(.gnu.version_d)

.gnu.version_r
 *(.gnu.version_r)

.rel.init
 *(.rel.init)

.rela.init
 *(.rela.init)

.rel.text
 *(.rel.text)
 *(.rel.text.*)
 *(.rel.gnu.linkonce.t*)

.rela.text
 *(.rela.text)
 *(.rela.text.*)
 *(.rela.gnu.linkonce.t*)

.rel.fini
 *(.rel.fini)

.rela.fini
 *(.rela.fini)

.rel.rodata
 *(.rel.rodata)
 *(.rel.rodata.*)
 *(.rel.gnu.linkonce.r*)

.rela.rodata
 *(.rela.rodata)
 *(.rela.rodata.*)
 *(.rela.gnu.linkonce.r*)

.rel.data
 *(.rel.data)
 *(.rel.data.*)
 *(.rel.gnu.linkonce.d*)

.rela.data
 *(.rela.data)
 *(.rela.data.*)
 *(.rela.gnu.linkonce.d*)

.rel.ctors
 *(.rel.ctors)

.rela.ctors
 *(.rela.ctors)

.rel.dtors
 *(.rel.dtors)

.rela.dtors
 *(.rela.dtors)

.rel.got
 *(.rel.got)

.rela.got
 *(.rela.got)

.rel.bss
 *(.rel.bss)

.rela.bss
 *(.rela.bss)

.rel.plt
 *(.rel.plt)

.rela.plt
 *(.rela.plt)

.text           0x00000000     0x35fa
 *(.vectors)
 .vectors       0x00000000       0xac /usr/local/CrossPack-AVR-20131216/lib/gcc/avr/4.8.1/../../../../avr/lib/avr5/crtm32u4.o
                0x00000000                __vectors
                0x00000000                __vector_default
 *(.vectors)
 *(.progmem.gcc*)
                0x000000ac                . = ALIGN (0x2)
                0x000000ac                __trampolines_start = .
 *(.trampolines)
 .trampolines   0x000000ac        0x0 linker stubs
 *(.trampolines*)
                0x000000ac                __trampolines_end = .
 *(.progmem*)
 .progmem.data  0x000000ac      0x215 K7NVH_PoE_PDU.o
                0x00000121                STR_Command_SETVCTL
                0x00000129                STR_Command_VCTL
                0x0000012e                STR_Command_SETLIMIT
                0x00000137                STR_Command_SETNAME
                0x0000013f                STR_Command_SETICAL
                0x00000147                STR_Command_SETVCAL
                0x0000014f                STR_Command_SETVREF
                0x00000157                STR_Command_SETDEF
                0x0000015e                STR_Command_SETCYCLE
                0x00000167                STR_Command_PCYCLE
                0x0000016e                STR_Command_POFF
                0x00000173                STR_Command_PON
                0x00000177                STR_Command_DEBUG
                0x0000017d                STR_Command_PSTATUS
                0x00000185                STR_Command_STATUS
                0x0000018c                STR_Command_HELP
                0x00000191                STR_ICAL
                0x0000019a                STR_VCAL
                0x000001a3                STR_VREF
                0x000001ac                STR_Port_VCTL
                0x000001ba                STR_Port_CutOn
                0x000001c9                STR_Port_CutOff
                0x000001d9                STR_Port_Limit
                0x000001e8                STR_PCYCLE_Time
                0x000001f8                STR_Port_Default
                0x00000208                STR_NR_Port
                0x00000210                STR_Backspace
                0x00000218                STR_VCTL
                0x0000022e                STR_Overload
                0x00000243                STR_Disabled
                0x00000255                STR_Enabled
                0x00000266                STR_Unrecognized
                0x00000281                STR_Help_Info
 .progmem.data  0x000002c1       0x7e Descriptors.o
                0x000002c1                ProductString
                0x000002dd                ManufacturerString
                0x000002eb                LanguageString
                0x000002ef                ConfigurationDescriptor
                0x0000032d                DeviceDescriptor
 .progmem.data  0x0000033f        0x8 /usr/local/CrossPack-AVR-20131216/lib/gcc/avr/4.8.1/../../../../avr/lib/avr5/libprintf_flt.a(vfprintf_flt.o)
 .progmem.data  0x00000347       0xfa /usr/local/CrossPack-AVR-20131216/lib/gcc/avr/4.8.1/../../../../avr/lib/avr5/libc.a(ftoa_engine.o)
                0x00000442                . = ALIGN (0x2)
 *fill*         0x00000441        0x1 
 *(.jumptables)
 *(.jumptables*)
 *(.lowtext)
 *(.lowtext*)
                0x00000442                __ctors_start = .
 *(.ctors)
                0x00000442                __ctors_end = .
                0x00000442                __dtors_start = .
 *(.dtors)
                0x00000442                __dtors_end = .
 SORT(*)(.ctors)
 SORT(*)(.dtors)
 *(.init0)
 .init0         0x00000442        0x0 /usr/local/CrossPack-AVR-20131216/lib/gcc/avr/4.8.1/../../../../avr/lib/avr5/crtm32u4.o
                0x00000442                __init
 *(.init0)
 *(.init1)
 *(.init1)
 *(.init2)
 .init2         0x00000442        0xc /usr/local/CrossPack-AVR-20131216/lib/gcc/avr/4.8.1/../../../../avr/lib/avr5/crtm32u4.o
 *(.init2)
 *(.init3)
 *(.init3)
 *(.init4)
 .init4         0x0000044e       0x16 /usr/local/CrossPack-AVR-20131216/lib/gcc/avr/4.8.1/avr5/libgcc.a(_copy_data.o)
                0x0000044e                __do_copy_data
 .init4         0x00000464       0x10 /usr/local/CrossPack-AVR-20131216/lib/gcc/avr/4.8.1/avr5/libgcc.a(_clear_bss.o)
                0x00000464                __do_clear_bss
 *(.init4)
 *(.init5)
 *(.init5)
 *(.init6)
 *(.init6)
 *(.init7)
 *(.init7)
 *(.init8)
 *(.init8)
 *(.init9)
 .init9         0x00000474        0x6 /usr/local/CrossPack-AVR-20131216/lib/gcc/avr/4.8.1/../../../../avr/lib/avr5/crtm32u4.o
 *(.init9)
 *(.text)
 .text          0x0000047a        0x2 /usr/local/CrossPack-AVR-20131216/lib/gcc/avr/4.8.1/../../../../avr/lib/avr5/crtm32u4.o
                0x0000047a                __vector_42
                0x0000047a                __vector_22
                0x0000047a                __vector_28
                0x0000047a                __vector_1
                0x0000047a                __vector_32
                0x0000047a                __vector_34
                0x0000047a                __vector_24
                0x0000047a                __bad_interrupt
                0x0000047a                __vector_6
                0x0000047a                __vector_31
                0x0000047a                __vector_35
                0x0000047a                __vector_39
                0x0000047a                __vector_3
                0x0000047a                __vector_23
                0x0000047a                __vector_30
                0x0000047a                __vector_25
                0x0000047a                __vector_13
                0x0000047a                __vector_17
                0x0000047a                __vector_19
                0x0000047a                __vector_7
                0x0000047a                __vector_41
                0x0000047a                __vector_27
                0x0000047a                __vector_5
                0x0000047a                __vector_33
                0x0000047a                __vector_37
                0x0000047a                __vector_4
                0x0000047a                __vector_9
                0x0000047a                __vector_2
                0x0000047a                __vector_21
                0x0000047a                __vector_15
                0x0000047a                __vector_36
                0x0000047a                __vector_29
                0x0000047a                __vector_40
                0x0000047a                __vector_8
                0x0000047a                __vector_26
                0x0000047a                __vector_14
                0x0000047a                __vector_16
                0x0000047a                __vector_18
                0x0000047a                __vector_20
                0x0000047a                __vector_38
                0x0000047c                . = ALIGN (0x2)
 *(.text.*)
 .text.INPUT_Parse_args
                0x0000047c       0x42 K7NVH_PoE_PDU.o
 .text.printPGMStr
                0x000004be       0x26 K7NVH_PoE_PDU.o
 .text.PORT_Set_Ctl
                0x000004e4      0x188 K7NVH_PoE_PDU.o
 .text.EEPROM_Read_V_CAL
                0x0000066c       0x2a K7NVH_PoE_PDU.o
 .text.EEPROM_Read_Port_Name
                0x00000696       0x60 K7NVH_PoE_PDU.o
 .text.EEPROM_Read_REF_V
                0x000006f6       0x64 K7NVH_PoE_PDU.o
 .text.EEPROM_Write_Port_Name
                0x0000075a       0x64 K7NVH_PoE_PDU.o
 .text.INPUT_Clear
                0x000007be       0x70 K7NVH_PoE_PDU.o
 .text.run_lufa
                0x0000082e        0xc K7NVH_PoE_PDU.o
 .text.ADC_Read_Raw_Voltage.isra.2
                0x0000083a       0x52 K7NVH_PoE_PDU.o
 .text.ADC_Read_Port_Current
                0x0000088c       0x80 K7NVH_PoE_PDU.o
 .text.__vector_12
                0x0000090c       0xaa K7NVH_PoE_PDU.o
                0x0000090c                __vector_12
 .text.startup.main
                0x000009b6      0xf80 K7NVH_PoE_PDU.o
                0x000009b6                main
 .text.EVENT_USB_Device_Connect
                0x00001936        0x2 K7NVH_PoE_PDU.o
                0x00001936                EVENT_USB_Device_Connect
 .text.EVENT_USB_Device_Disconnect
                0x00001938        0x2 K7NVH_PoE_PDU.o
                0x00001938                EVENT_USB_Device_Disconnect
 .text.EVENT_USB_Device_ConfigurationChanged
                0x0000193a        0x6 K7NVH_PoE_PDU.o
                0x0000193a                EVENT_USB_Device_ConfigurationChanged
 .text.EVENT_USB_Device_ControlRequest
                0x00001940        0x6 K7NVH_PoE_PDU.o
                0x00001940                EVENT_USB_Device_ControlRequest
 .text.CALLBACK_USB_GetDescriptor
                0x00001946       0x64 Descriptors.o
                0x00001946                CALLBACK_USB_GetDescriptor
 .text.Endpoint_Write_Control_Stream_LE
                0x000019aa       0xc2 ../LUFA/LUFA/Drivers/USB/Core/AVR8/EndpointStream_AVR8.o
                0x000019aa                Endpoint_Write_Control_Stream_LE
 .text.Endpoint_Write_Control_PStream_LE
                0x00001a6c       0xc4 ../LUFA/LUFA/Drivers/USB/Core/AVR8/EndpointStream_AVR8.o
                0x00001a6c                Endpoint_Write_Control_PStream_LE
 .text.Endpoint_ConfigureEndpoint_Prv
                0x00001b30       0x6a ../LUFA/LUFA/Drivers/USB/Core/AVR8/Endpoint_AVR8.o
                0x00001b30                Endpoint_ConfigureEndpoint_Prv
 .text.Endpoint_ConfigureEndpointTable
                0x00001b9a       0x7a ../LUFA/LUFA/Drivers/USB/Core/AVR8/Endpoint_AVR8.o
                0x00001b9a                Endpoint_ConfigureEndpointTable
 .text.Endpoint_ClearStatusStage
                0x00001c14       0x42 ../LUFA/LUFA/Drivers/USB/Core/AVR8/Endpoint_AVR8.o
                0x00001c14                Endpoint_ClearStatusStage
 .text.Endpoint_WaitUntilReady
                0x00001c56       0x60 ../LUFA/LUFA/Drivers/USB/Core/AVR8/Endpoint_AVR8.o
                0x00001c56                Endpoint_WaitUntilReady
 .text.USB_ResetInterface
                0x00001cb6       0x80 ../LUFA/LUFA/Drivers/USB/Core/AVR8/USBController_AVR8.o
                0x00001cb6                USB_ResetInterface
 .text.USB_Init
                0x00001d36       0x20 ../LUFA/LUFA/Drivers/USB/Core/AVR8/USBController_AVR8.o
                0x00001d36                USB_Init
 .text.USB_INT_DisableAllInterrupts
                0x00001d56       0x10 ../LUFA/LUFA/Drivers/USB/Core/AVR8/USBInterrupt_AVR8.o
                0x00001d56                USB_INT_DisableAllInterrupts
 .text.USB_INT_ClearAllInterrupts
                0x00001d66        0xa ../LUFA/LUFA/Drivers/USB/Core/AVR8/USBInterrupt_AVR8.o
                0x00001d66                USB_INT_ClearAllInterrupts
 .text.__vector_10
                0x00001d70      0x196 ../LUFA/LUFA/Drivers/USB/Core/AVR8/USBInterrupt_AVR8.o
                0x00001d70                __vector_10
 .text.__vector_11
                0x00001f06       0x76 ../LUFA/LUFA/Drivers/USB/Core/AVR8/USBInterrupt_AVR8.o
                0x00001f06                __vector_11
 .text.USB_Device_ProcessControlRequest
                0x00001f7c      0x2a2 ../LUFA/LUFA/Drivers/USB/Core/DeviceStandardReq.o
                0x00001f7c                USB_Device_ProcessControlRequest
 .text.USB_Event_Stub
                0x0000221e        0x2 ../LUFA/LUFA/Drivers/USB/Core/Events.o
                0x0000221e                EVENT_USB_Device_WakeUp
                0x0000221e                USB_Event_Stub
                0x0000221e                EVENT_USB_Device_Suspend
                0x0000221e                EVENT_USB_Device_StartOfFrame
                0x0000221e                EVENT_USB_Device_Reset
 .text.USB_USBTask
                0x00002220       0x38 ../LUFA/LUFA/Drivers/USB/Core/USBTask.o
                0x00002220                USB_USBTask
 .text.CDC_Device_ConfigureEndpoints
                0x00002258       0x4a ../LUFA/LUFA/Drivers/USB/Class/Device/CDCClassDevice.o
                0x00002258                CDC_Device_ConfigureEndpoints
 .text.CDC_Device_SendByte
                0x000022a2       0x4e ../LUFA/LUFA/Drivers/USB/Class/Device/CDCClassDevice.o
                0x000022a2                CDC_Device_SendByte
 .text.CDC_Device_putchar
                0x000022f0       0x20 ../LUFA/LUFA/Drivers/USB/Class/Device/CDCClassDevice.o
 .text.CDC_Device_Flush
                0x00002310       0x5c ../LUFA/LUFA/Drivers/USB/Class/Device/CDCClassDevice.o
                0x00002310                CDC_Device_Flush
 .text.CDC_Device_USBTask
                0x0000236c       0x2c ../LUFA/LUFA/Drivers/USB/Class/Device/CDCClassDevice.o
                0x0000236c                CDC_Device_USBTask
 .text.CDC_Device_ReceiveByte
                0x00002398       0x6a ../LUFA/LUFA/Drivers/USB/Class/Device/CDCClassDevice.o
                0x00002398                CDC_Device_ReceiveByte
 .text.CDC_Device_getchar
                0x00002402       0x12 ../LUFA/LUFA/Drivers/USB/Class/Device/CDCClassDevice.o
 .text.CDC_Device_CreateStream
                0x00002414       0x26 ../LUFA/LUFA/Drivers/USB/Class/Device/CDCClassDevice.o
                0x00002414                CDC_Device_CreateStream
 .text.CDC_Device_Event_Stub
                0x0000243a        0x2 ../LUFA/LUFA/Drivers/USB/Class/Device/CDCClassDevice.o
                0x0000243a                EVENT_CDC_Device_LineEncodingChanged
                0x0000243a                EVENT_CDC_Device_ControLineStateChanged
                0x0000243a                EVENT_CDC_Device_BreakSent
                0x0000243a                CDC_Device_Event_Stub
 .text.CDC_Device_ProcessControlRequest
                0x0000243c      0x160 ../LUFA/LUFA/Drivers/USB/Class/Device/CDCClassDevice.o
                0x0000243c                CDC_Device_ProcessControlRequest
 .text.avr-libc.fplib
                0x0000259c        0xa /usr/local/CrossPack-AVR-20131216/lib/gcc/avr/4.8.1/../../../../avr/lib/avr5/libm.a(addsf3.o)
                0x0000259c                __subsf3
                0x0000259e                __addsf3
 .text.avr-libc.fplib
                0x000025a6       0xc0 /usr/local/CrossPack-AVR-20131216/lib/gcc/avr/4.8.1/../../../../avr/lib/avr5/libm.a(addsf3x.o)
                0x000025c0                __addsf3x
 .text.avr-libc.fplib
                0x00002666        0x8 /usr/local/CrossPack-AVR-20131216/lib/gcc/avr/4.8.1/../../../../avr/lib/avr5/libm.a(cmpsf2.o)
                0x00002666                __lesf2
                0x00002666                __nesf2
                0x00002666                __eqsf2
                0x00002666                __cmpsf2
                0x00002666                __ltsf2
 .text.avr-libc.fplib
                0x0000266e        0x4 /usr/local/CrossPack-AVR-20131216/lib/gcc/avr/4.8.1/../../../../avr/lib/avr5/libm.a(divsf3.o)
                0x0000266e                __divsf3
 .text.avr-libc.fplib
                0x00002672       0xcc /usr/local/CrossPack-AVR-20131216/lib/gcc/avr/4.8.1/../../../../avr/lib/avr5/libm.a(divsf3x.o)
                0x00002688                __divsf3x
                0x0000268c                __divsf3_pse
 .text.avr-libc.fplib
                0x0000273e        0xa /usr/local/CrossPack-AVR-20131216/lib/gcc/avr/4.8.1/../../../../avr/lib/avr5/libm.a(fixsfsi.o)
                0x0000273e                __fixsfsi
 .text.avr-libc.fplib
                0x00002748       0x58 /usr/local/CrossPack-AVR-20131216/lib/gcc/avr/4.8.1/../../../../avr/lib/avr5/libm.a(fixunssfsi.o)
                0x00002748                __fixunssfsi
 .text.avr-libc.fplib
                0x000027a0       0x7a /usr/local/CrossPack-AVR-20131216/lib/gcc/avr/4.8.1/../../../../avr/lib/avr5/libm.a(floatsisf.o)
                0x000027a0                __floatunsisf
                0x000027a4                __floatsisf
 .text.avr-libc.fplib
                0x0000281a       0x48 /usr/local/CrossPack-AVR-20131216/lib/gcc/avr/4.8.1/../../../../avr/lib/avr5/libm.a(fp_cmp.o)
                0x0000281a                __fp_cmp
 .text.avr-libc.fplib
                0x00002862        0xc /usr/local/CrossPack-AVR-20131216/lib/gcc/avr/4.8.1/../../../../avr/lib/avr5/libm.a(fp_inf.o)
                0x00002862                __fp_inf
 .text.avr-libc.fplib
                0x0000286e        0x6 /usr/local/CrossPack-AVR-20131216/lib/gcc/avr/4.8.1/../../../../avr/lib/avr5/libm.a(fp_nan.o)
                0x0000286e                __fp_nan
 .text.avr-libc.fplib
                0x00002874        0xe /usr/local/CrossPack-AVR-20131216/lib/gcc/avr/4.8.1/../../../../avr/lib/avr5/libm.a(fp_pscA.o)
                0x00002874                __fp_pscA
 .text.avr-libc.fplib
                0x00002882        0xe /usr/local/CrossPack-AVR-20131216/lib/gcc/avr/4.8.1/../../../../avr/lib/avr5/libm.a(fp_pscB.o)
                0x00002882                __fp_pscB
 .text.avr-libc.fplib
                0x00002890       0x22 /usr/local/CrossPack-AVR-20131216/lib/gcc/avr/4.8.1/../../../../avr/lib/avr5/libm.a(fp_round.o)
                0x00002890                __fp_round
 .text.avr-libc.fplib
                0x000028b2       0x44 /usr/local/CrossPack-AVR-20131216/lib/gcc/avr/4.8.1/../../../../avr/lib/avr5/libm.a(fp_split3.o)
                0x000028b2                __fp_split3
                0x000028c2                __fp_splitA
 .text.avr-libc.fplib
                0x000028f6        0xe /usr/local/CrossPack-AVR-20131216/lib/gcc/avr/4.8.1/../../../../avr/lib/avr5/libm.a(fp_zero.o)
                0x000028f6                __fp_zero
                0x000028f8                __fp_szero
 .text.avr-libc.fplib
                0x00002904        0x8 /usr/local/CrossPack-AVR-20131216/lib/gcc/avr/4.8.1/../../../../avr/lib/avr5/libm.a(gesf2.o)
                0x00002904                __gtsf2
                0x00002904                __gesf2
 .text.avr-libc.fplib
                0x0000290c        0x4 /usr/local/CrossPack-AVR-20131216/lib/gcc/avr/4.8.1/../../../../avr/lib/avr5/libm.a(mulsf3.o)
                0x0000290c                __mulsf3
 .text.avr-libc.fplib
                0x00002910       0xc2 /usr/local/CrossPack-AVR-20131216/lib/gcc/avr/4.8.1/../../../../avr/lib/avr5/libm.a(mulsf3x.o)
                0x00002924                __mulsf3x
                0x00002928                __mulsf3_pse
 .text.avr-libc.fplib
                0x000029d2        0x8 /usr/local/CrossPack-AVR-20131216/lib/gcc/avr/4.8.1/../../../../avr/lib/avr5/libm.a(unordsf2.o)
                0x000029d2                __unordsf2
 .text.avr-libc
                0x000029da      0x6b8 /usr/local/CrossPack-AVR-20131216/lib/gcc/avr/4.8.1/../../../../avr/lib/avr5/libprintf_flt.a(vfprintf_flt.o)
                0x000029da                vfprintf
 .text.libgcc.div
                0x00003092       0x28 /usr/local/CrossPack-AVR-20131216/lib/gcc/avr/4.8.1/avr5/libgcc.a(_udivmodhi4.o)
                0x00003092                __udivmodhi4
 .text.libgcc.div
                0x000030ba       0x26 /usr/local/CrossPack-AVR-20131216/lib/gcc/avr/4.8.1/avr5/libgcc.a(_divmodhi4.o)
                0x000030ba                __divmodhi4
                0x000030ba                _div
 .text.libgcc.div
                0x000030e0       0x44 /usr/local/CrossPack-AVR-20131216/lib/gcc/avr/4.8.1/avr5/libgcc.a(_udivmodsi4.o)
                0x000030e0                __udivmodsi4
 .text.libgcc.prologue
                0x00003124       0x38 /usr/local/CrossPack-AVR-20131216/lib/gcc/avr/4.8.1/avr5/libgcc.a(_prologue.o)
                0x00003124                __prologue_saves__
 .text.libgcc.prologue
                0x0000315c       0x36 /usr/local/CrossPack-AVR-20131216/lib/gcc/avr/4.8.1/avr5/libgcc.a(_epilogue.o)
                0x0000315c                __epilogue_restores__
 .text.avr-libc
                0x00003192       0x3a /usr/local/CrossPack-AVR-20131216/lib/gcc/avr/4.8.1/../../../../avr/lib/avr5/libc.a(atoi.o)
                0x00003192                atoi
 .text.avr-libc
                0x000031cc      0x1b0 /usr/local/CrossPack-AVR-20131216/lib/gcc/avr/4.8.1/../../../../avr/lib/avr5/libc.a(ftoa_engine.o)
                0x000031cc                __ftoa_engine
 .text.avr-libc
                0x0000337c       0x30 /usr/local/CrossPack-AVR-20131216/lib/gcc/avr/4.8.1/../../../../avr/lib/avr5/libc.a(strncasecmp_P.o)
                0x0000337c                strncasecmp_P
 .text.avr-libc
                0x000033ac       0x16 /usr/local/CrossPack-AVR-20131216/lib/gcc/avr/4.8.1/../../../../avr/lib/avr5/libc.a(strnlen_P.o)
                0x000033ac                strnlen_P
 .text.avr-libc
                0x000033c2       0x16 /usr/local/CrossPack-AVR-20131216/lib/gcc/avr/4.8.1/../../../../avr/lib/avr5/libc.a(strnlen.o)
                0x000033c2                strnlen
 .text.avr-libc
                0x000033d8       0x10 /usr/local/CrossPack-AVR-20131216/lib/gcc/avr/4.8.1/../../../../avr/lib/avr5/libc.a(mul10.o)
                0x000033d8                __mulhi_const_10
 .text.avr-libc
                0x000033e8       0x1e /usr/local/CrossPack-AVR-20131216/lib/gcc/avr/4.8.1/../../../../avr/lib/avr5/libc.a(fprintf.o)
                0x000033e8                fprintf
 .text.avr-libc
                0x00003406       0x64 /usr/local/CrossPack-AVR-20131216/lib/gcc/avr/4.8.1/../../../../avr/lib/avr5/libc.a(fputc.o)
                0x00003406                fputc
 .text.avr-libc
                0x0000346a       0x50 /usr/local/CrossPack-AVR-20131216/lib/gcc/avr/4.8.1/../../../../avr/lib/avr5/libc.a(fputs.o)
                0x0000346a                fputs
 .text.avr-libc
                0x000034ba       0xbc /usr/local/CrossPack-AVR-20131216/lib/gcc/avr/4.8.1/../../../../avr/lib/avr5/libc.a(ultoa_invert.o)
                0x000034ba                __ultoa_invert
 .text.avr-libc
                0x00003576       0x10 /usr/local/CrossPack-AVR-20131216/lib/gcc/avr/4.8.1/../../../../avr/lib/avr5/libc.a(eerd_byte_atmega32u4.o)
                0x00003576                __eerd_byte_m32u4
 .text.avr-libc
                0x00003586        0xa /usr/local/CrossPack-AVR-20131216/lib/gcc/avr/4.8.1/../../../../avr/lib/avr5/libc.a(eerd_dword_atmega32u4.o)
                0x00003586                __eerd_dword_m32u4
                0x00003586                __eerd_float_m32u4
 .text.avr-libc
                0x00003590        0xa /usr/local/CrossPack-AVR-20131216/lib/gcc/avr/4.8.1/../../../../avr/lib/avr5/libc.a(eerd_word_atmega32u4.o)
                0x00003590                __eerd_word_m32u4
 .text.avr-libc
                0x0000359a       0x24 /usr/local/CrossPack-AVR-20131216/lib/gcc/avr/4.8.1/../../../../avr/lib/avr5/libc.a(eeupd_byte_atmega32u4.o)
                0x0000359a                __eeupd_byte_m32u4
                0x0000359c                __eeupd_r18_m32u4
 .text.avr-libc
                0x000035be       0x10 /usr/local/CrossPack-AVR-20131216/lib/gcc/avr/4.8.1/../../../../avr/lib/avr5/libc.a(eeupd_dword_atmega32u4.o)
                0x000035be                __eeupd_float_m32u4
                0x000035be                __eeupd_dword_m32u4
 .text.avr-libc
                0x000035ce        0x8 /usr/local/CrossPack-AVR-20131216/lib/gcc/avr/4.8.1/../../../../avr/lib/avr5/libc.a(eeupd_word_atmega32u4.o)
                0x000035ce                __eeupd_word_m32u4
 .text.avr-libc
                0x000035d6       0x20 /usr/local/CrossPack-AVR-20131216/lib/gcc/avr/4.8.1/../../../../avr/lib/avr5/libc.a(eerd_block_atmega32u4.o)
                0x000035d6                __eerd_block_m32u4
                0x000035da                __eerd_blraw_m32u4
                0x000035f6                . = ALIGN (0x2)
 *(.fini9)
 .fini9         0x000035f6        0x0 /usr/local/CrossPack-AVR-20131216/lib/gcc/avr/4.8.1/avr5/libgcc.a(_exit.o)
                0x000035f6                exit
                0x000035f6                _exit
 *(.fini9)
 *(.fini8)
 *(.fini8)
 *(.fini7)
 *(.fini7)
 *(.fini6)
 *(.fini6)
 *(.fini5)
 *(.fini5)
 *(.fini4)
 *(.fini4)
 *(.fini3)
 *(.fini3)
 *(.fini2)
 *(.fini2)
 *(.fini1)
 *(.fini1)
 *(.fini0)
 .fini0         0x000035f6        0x4 /usr/local/CrossPack-AVR-20131216/lib/gcc/avr/4.8.1/avr5/libgcc.a(_exit.o)
 *(.fini0)
                0x000035fa                _etext = .

.data           0x00800100      0x13a load address 0x000035fa
                0x00800100                PROVIDE (__data_start, .)
 *(.data)
 .data          0x00800100        0x0 /usr/local/CrossPack-AVR-20131216/lib/gcc/avr/4.8.1/../../../../avr/lib/avr5/crtm32u4.o
 .data          0x00800100       0x1d K7NVH_PoE_PDU.o
                0x00800100                bootloader
                0x00800102                VirtualSerial_CDC_Interface
 .data          0x0080011d        0x0 Descriptors.o
 .data          0x0080011d        0x0 ../LUFA/LUFA/Drivers/USB/Class/Common/HIDParser.o
 .data          0x0080011d        0x0 ../LUFA/LUFA/Drivers/USB/Core/AVR8/Device_AVR8.o
 .data          0x0080011d        0x0 ../LUFA/LUFA/Drivers/USB/Core/AVR8/EndpointStream_AVR8.o
 .data          0x0080011d        0x0 ../LUFA/LUFA/Drivers/USB/Core/AVR8/Endpoint_AVR8.o
 .data          0x0080011d        0x0 ../LUFA/LUFA/Drivers/USB/Core/AVR8/Host_AVR8.o
 .data          0x0080011d        0x0 ../LUFA/LUFA/Drivers/USB/Core/AVR8/PipeStream_AVR8.o
 .data          0x0080011d        0x0 ../LUFA/LUFA/Drivers/USB/Core/AVR8/Pipe_AVR8.o
 .data          0x0080011d        0x0 ../LUFA/LUFA/Drivers/USB/Core/AVR8/USBController_AVR8.o
 .data          0x0080011d        0x0 ../LUFA/LUFA/Drivers/USB/Core/AVR8/USBInterrupt_AVR8.o
 .data          0x0080011d        0x0 ../LUFA/LUFA/Drivers/USB/Core/ConfigDescriptors.o
 .data          0x0080011d        0x0 ../LUFA/LUFA/Drivers/USB/Core/DeviceStandardReq.o
 .data          0x0080011d        0x0 ../LUFA/LUFA/Drivers/USB/Core/Events.o
 .data          0x0080011d        0x0 ../LUFA/LUFA/Drivers/USB/Core/HostStandardReq.o
 .data          0x0080011d        0x0 ../LUFA/LUFA/Drivers/USB/Core/USBTask.o
 .data          0x0080011d        0x0 ../LUFA/LUFA/Drivers/USB/Class/Device/AudioClassDevice.o
 .data          0x0080011d        0x0 ../LUFA/LUFA/Drivers/USB/Class/Device/CDCClassDevice.o
 .data          0x0080011d        0x0 ../LUFA/LUFA/Drivers/USB/Class/Device/HIDClassDevice.o
 .data          0x0080011d        0x0 ../LUFA/LUFA/Drivers/USB/Class/Device/MassStorageClassDevice.o
 .data          0x0080011d        0x0 ../LUFA/LUFA/Drivers/USB/Class/Device/MIDIClassDevice.o
 .data          0x0080011d        0x0 ../LUFA/LUFA/Drivers/USB/Class/Device/PrinterClassDevice.o
 .data          0x0080011d        0x0 ../LUFA/LUFA/Drivers/USB/Class/Device/RNDISClassDevice.o
 .data          0x0080011d        0x0 ../LUFA/LUFA/Drivers/USB/Class/Host/AndroidAccessoryClassHost.o
 .data          0x0080011d        0x0 ../LUFA/LUFA/Drivers/USB/Class/Host/AudioClassHost.o
 .data          0x0080011d        0x0 ../LUFA/LUFA/Drivers/USB/Class/Host/CDCClassHost.o
 .data          0x0080011d        0x0 ../LUFA/LUFA/Drivers/USB/Class/Host/HIDClassHost.o
 .data          0x0080011d        0x0 ../LUFA/LUFA/Drivers/USB/Class/Host/MassStorageClassHost.o
 .data          0x0080011d        0x0 ../LUFA/LUFA/Drivers/USB/Class/Host/MIDIClassHost.o
 .data          0x0080011d        0x0 ../LUFA/LUFA/Drivers/USB/Class/Host/PrinterClassHost.o
 .data          0x0080011d        0x0 ../LUFA/LUFA/Drivers/USB/Class/Host/RNDISClassHost.o
 .data          0x0080011d        0x0 ../LUFA/LUFA/Drivers/USB/Class/Host/StillImageClassHost.o
 .data          0x0080011d        0x0 /usr/local/CrossPack-AVR-20131216/lib/gcc/avr/4.8.1/../../../../avr/lib/avr5/libm.a(addsf3.o)
 .data          0x0080011d        0x0 /usr/local/CrossPack-AVR-20131216/lib/gcc/avr/4.8.1/../../../../avr/lib/avr5/libm.a(addsf3x.o)
 .data          0x0080011d        0x0 /usr/local/CrossPack-AVR-20131216/lib/gcc/avr/4.8.1/../../../../avr/lib/avr5/libm.a(cmpsf2.o)
 .data          0x0080011d        0x0 /usr/local/CrossPack-AVR-20131216/lib/gcc/avr/4.8.1/../../../../avr/lib/avr5/libm.a(divsf3.o)
 .data          0x0080011d        0x0 /usr/local/CrossPack-AVR-20131216/lib/gcc/avr/4.8.1/../../../../avr/lib/avr5/libm.a(divsf3x.o)
 .data          0x0080011d        0x0 /usr/local/CrossPack-AVR-20131216/lib/gcc/avr/4.8.1/../../../../avr/lib/avr5/libm.a(fixsfsi.o)
 .data          0x0080011d        0x0 /usr/local/CrossPack-AVR-20131216/lib/gcc/avr/4.8.1/../../../../avr/lib/avr5/libm.a(fixunssfsi.o)
 .data          0x0080011d        0x0 /usr/local/CrossPack-AVR-20131216/lib/gcc/avr/4.8.1/../../../../avr/lib/avr5/libm.a(floatsisf.o)
 .data          0x0080011d        0x0 /usr/local/CrossPack-AVR-20131216/lib/gcc/avr/4.8.1/../../../../avr/lib/avr5/libm.a(fp_cmp.o)
 .data          0x0080011d        0x0 /usr/local/CrossPack-AVR-20131216/lib/gcc/avr/4.8.1/../../../../avr/lib/avr5/libm.a(fp_inf.o)
 .data          0x0080011d        0x0 /usr/local/CrossPack-AVR-20131216/lib/gcc/avr/4.8.1/../../../../avr/lib/avr5/libm.a(fp_nan.o)
 .data          0x0080011d        0x0 /usr/local/CrossPack-AVR-20131216/lib/gcc/avr/4.8.1/../../../../avr/lib/avr5/libm.a(fp_pscA.o)
 .data          0x0080011d        0x0 /usr/local/CrossPack-AVR-20131216/lib/gcc/avr/4.8.1/../../../../avr/lib/avr5/libm.a(fp_pscB.o)
 .data          0x0080011d        0x0 /usr/local/CrossPack-AVR-20131216/lib/gcc/avr/4.8.1/../../../../avr/lib/avr5/libm.a(fp_round.o)
 .data          0x0080011d        0x0 /usr/local/CrossPack-AVR-20131216/lib/gcc/avr/4.8.1/../../../../avr/lib/avr5/libm.a(fp_split3.o)
 .data          0x0080011d        0x0 /usr/local/CrossPack-AVR-20131216/lib/gcc/avr/4.8.1/../../../../avr/lib/avr5/libm.a(fp_zero.o)
 .data          0x0080011d        0x0 /usr/local/CrossPack-AVR-20131216/lib/gcc/avr/4.8.1/../../../../avr/lib/avr5/libm.a(gesf2.o)
 .data          0x0080011d        0x0 /usr/local/CrossPack-AVR-20131216/lib/gcc/avr/4.8.1/../../../../avr/lib/avr5/libm.a(mulsf3.o)
 .data          0x0080011d        0x0 /usr/local/CrossPack-AVR-20131216/lib/gcc/avr/4.8.1/../../../../avr/lib/avr5/libm.a(mulsf3x.o)
 .data          0x0080011d        0x0 /usr/local/CrossPack-AVR-20131216/lib/gcc/avr/4.8.1/../../../../avr/lib/avr5/libm.a(unordsf2.o)
 .data          0x0080011d        0x0 /usr/local/CrossPack-AVR-20131216/lib/gcc/avr/4.8.1/../../../../avr/lib/avr5/libprintf_flt.a(vfprintf_flt.o)
 .data          0x0080011d        0x0 /usr/local/CrossPack-AVR-20131216/lib/gcc/avr/4.8.1/avr5/libgcc.a(_udivmodhi4.o)
 .data          0x0080011d        0x0 /usr/local/CrossPack-AVR-20131216/lib/gcc/avr/4.8.1/avr5/libgcc.a(_divmodhi4.o)
 .data          0x0080011d        0x0 /usr/local/CrossPack-AVR-20131216/lib/gcc/avr/4.8.1/avr5/libgcc.a(_udivmodsi4.o)
 .data          0x0080011d        0x0 /usr/local/CrossPack-AVR-20131216/lib/gcc/avr/4.8.1/avr5/libgcc.a(_exit.o)
 .data          0x0080011d        0x0 /usr/local/CrossPack-AVR-20131216/lib/gcc/avr/4.8.1/avr5/libgcc.a(_copy_data.o)
 .data          0x0080011d        0x0 /usr/local/CrossPack-AVR-20131216/lib/gcc/avr/4.8.1/avr5/libgcc.a(_clear_bss.o)
 .data          0x0080011d        0x0 /usr/local/CrossPack-AVR-20131216/lib/gcc/avr/4.8.1/avr5/libgcc.a(_prologue.o)
 .data          0x0080011d        0x0 /usr/local/CrossPack-AVR-20131216/lib/gcc/avr/4.8.1/avr5/libgcc.a(_epilogue.o)
 .data          0x0080011d        0x0 /usr/local/CrossPack-AVR-20131216/lib/gcc/avr/4.8.1/../../../../avr/lib/avr5/libc.a(atoi.o)
 .data          0x0080011d        0x0 /usr/local/CrossPack-AVR-20131216/lib/gcc/avr/4.8.1/../../../../avr/lib/avr5/libc.a(ftoa_engine.o)
 .data          0x0080011d        0x0 /usr/local/CrossPack-AVR-20131216/lib/gcc/avr/4.8.1/../../../../avr/lib/avr5/libc.a(memcpy_P.o)
 .data          0x0080011d        0x0 /usr/local/CrossPack-AVR-20131216/lib/gcc/avr/4.8.1/../../../../avr/lib/avr5/libc.a(strlen_P.o)
 .data          0x0080011d        0x0 /usr/local/CrossPack-AVR-20131216/lib/gcc/avr/4.8.1/../../../../avr/lib/avr5/libc.a(strncasecmp_P.o)
 .data          0x0080011d        0x0 /usr/local/CrossPack-AVR-20131216/lib/gcc/avr/4.8.1/../../../../avr/lib/avr5/libc.a(strnlen_P.o)
 .data          0x0080011d        0x0 /usr/local/CrossPack-AVR-20131216/lib/gcc/avr/4.8.1/../../../../avr/lib/avr5/libc.a(memcmp.o)
 .data          0x0080011d        0x0 /usr/local/CrossPack-AVR-20131216/lib/gcc/avr/4.8.1/../../../../avr/lib/avr5/libc.a(memcpy.o)
 .data          0x0080011d        0x0 /usr/local/CrossPack-AVR-20131216/lib/gcc/avr/4.8.1/../../../../avr/lib/avr5/libc.a(memset.o)
 .data          0x0080011d        0x0 /usr/local/CrossPack-AVR-20131216/lib/gcc/avr/4.8.1/../../../../avr/lib/avr5/libc.a(strnlen.o)
 .data          0x0080011d        0x0 /usr/local/CrossPack-AVR-20131216/lib/gcc/avr/4.8.1/../../../../avr/lib/avr5/libc.a(mul10.o)
 .data          0x0080011d        0x0 /usr/local/CrossPack-AVR-20131216/lib/gcc/avr/4.8.1/../../../../avr/lib/avr5/libc.a(fprintf.o)
 .data          0x0080011d        0x0 /usr/local/CrossPack-AVR-20131216/lib/gcc/avr/4.8.1/../../../../avr/lib/avr5/libc.a(fputc.o)
 .data          0x0080011d        0x0 /usr/local/CrossPack-AVR-20131216/lib/gcc/avr/4.8.1/../../../../avr/lib/avr5/libc.a(fputs.o)
 .data          0x0080011d        0x0 /usr/local/CrossPack-AVR-20131216/lib/gcc/avr/4.8.1/../../../../avr/lib/avr5/libc.a(ultoa_invert.o)
 .data          0x0080011d        0x0 /usr/local/CrossPack-AVR-20131216/lib/gcc/avr/4.8.1/../../../../avr/lib/avr5/libc.a(eerd_byte_atmega32u4.o)
 .data          0x0080011d        0x0 /usr/local/CrossPack-AVR-20131216/lib/gcc/avr/4.8.1/../../../../avr/lib/avr5/libc.a(eerd_dword_atmega32u4.o)
 .data          0x0080011d        0x0 /usr/local/CrossPack-AVR-20131216/lib/gcc/avr/4.8.1/../../../../avr/lib/avr5/libc.a(eerd_word_atmega32u4.o)
 .data          0x0080011d        0x0 /usr/local/CrossPack-AVR-20131216/lib/gcc/avr/4.8.1/../../../../avr/lib/avr5/libc.a(eeupd_byte_atmega32u4.o)
 .data          0x0080011d        0x0 /usr/local/CrossPack-AVR-20131216/lib/gcc/avr/4.8.1/../../../../avr/lib/avr5/libc.a(eeupd_dword_atmega32u4.o)
 .data          0x0080011d        0x0 /usr/local/CrossPack-AVR-20131216/lib/gcc/avr/4.8.1/../../../../avr/lib/avr5/libc.a(eeupd_word_atmega32u4.o)
 .data          0x0080011d        0x0 /usr/local/CrossPack-AVR-20131216/lib/gcc/avr/4.8.1/../../../../avr/lib/avr5/libc.a(eerd_block_atmega32u4.o)
 *(.data*)
 *(.rodata)
 .rodata        0x0080011d       0x24 K7NVH_PoE_PDU.o
                0x0080011d                ADC_Inputs
                0x00800129                ADC_Ports
                0x00800135                Ports_Pins
 *(.rodata*)
 .rodata.str1.1
                0x00800141       0xf8 K7NVH_PoE_PDU.o
                                0x104 (size before relaxing)
 *(.gnu.linkonce.d*)
                0x0080023a                . = ALIGN (0x2)
 *fill*         0x00800239        0x1 
                0x0080023a                _edata = .
                0x0080023a                PROVIDE (__data_end, .)

.bss            0x0080023a       0x5a
                0x0080023a                PROVIDE (__bss_start, .)
 *(.bss)
 .bss           0x0080023a       0x15 K7NVH_PoE_PDU.o
                0x0080023a                DATA_IN_POS
                0x0080023b                check_current
                0x0080023c                check_voltage
                0x0080023d                timer
 *(.bss*)
 *(COMMON)
 COMMON         0x0080024f       0x38 K7NVH_PoE_PDU.o
                0x0080024f                PORT_BOOT_STATE
                0x0080025b                PORT_STATE
                0x00800267                DATA_IN
 COMMON         0x00800287        0x3 ../LUFA/LUFA/Drivers/USB/Core/DeviceStandardReq.o
                0x00800287                USB_Device_ConfigurationNumber
                0x00800288                USB_Device_CurrentlySelfPowered
                0x00800289                USB_Device_RemoteWakeupEnabled
 COMMON         0x0080028a        0xa ../LUFA/LUFA/Drivers/USB/Core/USBTask.o
                0x0080028a                USB_IsInitialized
                0x0080028b                USB_DeviceState
                0x0080028c                USB_ControlRequest
                0x00800294                PROVIDE (__bss_end, .)
                0x000035fa                __data_load_start = LOADADDR (.data)
                0x00003734                __data_load_end = (__data_load_start + SIZEOF (.data))

.noinit         0x00800294        0x0
                0x00800294                PROVIDE (__noinit_start, .)
 *(.noinit*)
                0x00800294                PROVIDE (__noinit_end, .)
                0x00800294                _end = .
                0x00800294                PROVIDE (__heap_start, .)

.eeprom         0x00810000        0x0
 *(.eeprom*)
                0x00810000                __eeprom_end = .

.fuse
 *(.fuse)
 *(.lfuse)
 *(.hfuse)
 *(.efuse)

.lock
 *(.lock*)

.signature
 *(.signature*)

.user_signatures
 *(.user_signatures*)

.stab
 *(.stab)

.stabstr
 *(.stabstr)

.stab.excl
 *(.stab.excl)

.stab.exclstr
 *(.stab.exclstr)

.stab.index
 *(.stab.index)

.stab.indexstr
 *(.stab.indexstr)

.comment        0x00000000       0x11
 *(.comment)
 .comment       0x00000000       0x11 K7NVH_PoE_PDU.o
                                 0x12 (size before relaxing)
 .comment       0x00000000       0x12 Descriptors.o
 .comment       0x00000000       0x12 ../LUFA/LUFA/Drivers/USB/Class/Common/HIDParser.o
 .comment       0x00000000       0x12 ../LUFA/LUFA/Drivers/USB/Core/AVR8/Device_AVR8.o
 .comment       0x00000000       0x12 ../LUFA/LUFA/Drivers/USB/Core/AVR8/EndpointStream_AVR8.o
 .comment       0x00000000       0x12 ../LUFA/LUFA/Drivers/USB/Core/AVR8/Endpoint_AVR8.o
 .comment       0x00000000       0x12 ../LUFA/LUFA/Drivers/USB/Core/AVR8/Host_AVR8.o
 .comment       0x00000000       0x12 ../LUFA/LUFA/Drivers/USB/Core/AVR8/PipeStream_AVR8.o
 .comment       0x00000000       0x12 ../LUFA/LUFA/Drivers/USB/Core/AVR8/Pipe_AVR8.o
 .comment       0x00000000       0x12 ../LUFA/LUFA/Drivers/USB/Core/AVR8/USBController_AVR8.o
 .comment       0x00000000       0x12 ../LUFA/LUFA/Drivers/USB/Core/AVR8/USBInterrupt_AVR8.o
 .comment       0x00000000       0x12 ../LUFA/LUFA/Drivers/USB/Core/ConfigDescriptors.o
 .comment       0x00000000       0x12 ../LUFA/LUFA/Drivers/USB/Core/DeviceStandardReq.o
 .comment       0x00000000       0x12 ../LUFA/LUFA/Drivers/USB/Core/Events.o
 .comment       0x00000000       0x12 ../LUFA/LUFA/Drivers/USB/Core/HostStandardReq.o
 .comment       0x00000000       0x12 ../LUFA/LUFA/Drivers/USB/Core/USBTask.o
 .comment       0x00000000       0x12 ../LUFA/LUFA/Drivers/USB/Class/Device/AudioClassDevice.o
 .comment       0x00000000       0x12 ../LUFA/LUFA/Drivers/USB/Class/Device/CDCClassDevice.o
 .comment       0x00000000       0x12 ../LUFA/LUFA/Drivers/USB/Class/Device/HIDClassDevice.o
 .comment       0x00000000       0x12 ../LUFA/LUFA/Drivers/USB/Class/Device/MassStorageClassDevice.o
 .comment       0x00000000       0x12 ../LUFA/LUFA/Drivers/USB/Class/Device/MIDIClassDevice.o
 .comment       0x00000000       0x12 ../LUFA/LUFA/Drivers/USB/Class/Device/PrinterClassDevice.o
 .comment       0x00000000       0x12 ../LUFA/LUFA/Drivers/USB/Class/Device/RNDISClassDevice.o
 .comment       0x00000000       0x12 ../LUFA/LUFA/Drivers/USB/Class/Host/AndroidAccessoryClassHost.o
 .comment       0x00000000       0x12 ../LUFA/LUFA/Drivers/USB/Class/Host/AudioClassHost.o
 .comment       0x00000000       0x12 ../LUFA/LUFA/Drivers/USB/Class/Host/CDCClassHost.o
 .comment       0x00000000       0x12 ../LUFA/LUFA/Drivers/USB/Class/Host/HIDClassHost.o
 .comment       0x00000000       0x12 ../LUFA/LUFA/Drivers/USB/Class/Host/MassStorageClassHost.o
 .comment       0x00000000       0x12 ../LUFA/LUFA/Drivers/USB/Class/Host/MIDIClassHost.o
 .comment       0x00000000       0x12 ../LUFA/LUFA/Drivers/USB/Class/Host/PrinterClassHost.o
 .comment       0x00000000       0x12 ../LUFA/LUFA/Drivers/USB/Class/Host/RNDISClassHost.o
 .comment       0x00000000       0x12 ../LUFA/LUFA/Drivers/USB/Class/Host/StillImageClassHost.o
 .comment       0x00000000       0x12 /usr/local/CrossPack-AVR-20131216/lib/gcc/avr/4.8.1/../../../../avr/lib/avr5/libprintf_flt.a(vfprintf_flt.o)
 .comment       0x00000000       0x12 /usr/local/CrossPack-AVR-20131216/lib/gcc/avr/4.8.1/../../../../avr/lib/avr5/libc.a(fprintf.o)
 .comment       0x00000000       0x12 /usr/local/CrossPack-AVR-20131216/lib/gcc/avr/4.8.1/../../../../avr/lib/avr5/libc.a(fputc.o)
 .comment       0x00000000       0x12 /usr/local/CrossPack-AVR-20131216/lib/gcc/avr/4.8.1/../../../../avr/lib/avr5/libc.a(fputs.o)

.debug
 *(.debug)

.line
 *(.line)

.debug_srcinfo
 *(.debug_srcinfo)

.debug_sfnames
 *(.debug_sfnames)

.debug_aranges  0x00000000      0x7b0
 *(.debug_aranges)
 .debug_aranges
                0x00000000       0xa0 K7NVH_PoE_PDU.o
 .debug_aranges
                0x000000a0       0x20 Descriptors.o
 .debug_aranges
                0x000000c0       0x38 ../LUFA/LUFA/Drivers/USB/Class/Common/HIDParser.o
 .debug_aranges
                0x000000f8       0x20 ../LUFA/LUFA/Drivers/USB/Core/AVR8/Device_AVR8.o
 .debug_aranges
                0x00000118       0xc8 ../LUFA/LUFA/Drivers/USB/Core/AVR8/EndpointStream_AVR8.o
 .debug_aranges
                0x000001e0       0x40 ../LUFA/LUFA/Drivers/USB/Core/AVR8/Endpoint_AVR8.o
 .debug_aranges
                0x00000220       0x18 ../LUFA/LUFA/Drivers/USB/Core/AVR8/Host_AVR8.o
 .debug_aranges
                0x00000238       0x18 ../LUFA/LUFA/Drivers/USB/Core/AVR8/PipeStream_AVR8.o
 .debug_aranges
                0x00000250       0x18 ../LUFA/LUFA/Drivers/USB/Core/AVR8/Pipe_AVR8.o
 .debug_aranges
                0x00000268       0x30 ../LUFA/LUFA/Drivers/USB/Core/AVR8/USBController_AVR8.o
 .debug_aranges
                0x00000298       0x38 ../LUFA/LUFA/Drivers/USB/Core/AVR8/USBInterrupt_AVR8.o
 .debug_aranges
                0x000002d0       0x40 ../LUFA/LUFA/Drivers/USB/Core/ConfigDescriptors.o
 .debug_aranges
                0x00000310       0x20 ../LUFA/LUFA/Drivers/USB/Core/DeviceStandardReq.o
 .debug_aranges
                0x00000330       0x20 ../LUFA/LUFA/Drivers/USB/Core/Events.o
 .debug_aranges
                0x00000350       0x18 ../LUFA/LUFA/Drivers/USB/Core/HostStandardReq.o
 .debug_aranges
                0x00000368       0x20 ../LUFA/LUFA/Drivers/USB/Core/USBTask.o
 .debug_aranges
                0x00000388       0x30 ../LUFA/LUFA/Drivers/USB/Class/Device/AudioClassDevice.o
 .debug_aranges
                0x000003b8       0xa8 ../LUFA/LUFA/Drivers/USB/Class/Device/CDCClassDevice.o
 .debug_aranges
                0x00000460       0x30 ../LUFA/LUFA/Drivers/USB/Class/Device/HIDClassDevice.o
 .debug_aranges
                0x00000490       0x30 ../LUFA/LUFA/Drivers/USB/Class/Device/MassStorageClassDevice.o
 .debug_aranges
                0x000004c0       0x40 ../LUFA/LUFA/Drivers/USB/Class/Device/MIDIClassDevice.o
 .debug_aranges
                0x00000500       0x90 ../LUFA/LUFA/Drivers/USB/Class/Device/PrinterClassDevice.o
 .debug_aranges
                0x00000590       0x48 ../LUFA/LUFA/Drivers/USB/Class/Device/RNDISClassDevice.o
 .debug_aranges
                0x000005d8       0x18 ../LUFA/LUFA/Drivers/USB/Class/Host/AndroidAccessoryClassHost.o
 .debug_aranges
                0x000005f0       0x18 ../LUFA/LUFA/Drivers/USB/Class/Host/AudioClassHost.o
 .debug_aranges
                0x00000608       0x18 ../LUFA/LUFA/Drivers/USB/Class/Host/CDCClassHost.o
 .debug_aranges
                0x00000620       0x18 ../LUFA/LUFA/Drivers/USB/Class/Host/HIDClassHost.o
 .debug_aranges
                0x00000638       0x18 ../LUFA/LUFA/Drivers/USB/Class/Host/MassStorageClassHost.o
 .debug_aranges
                0x00000650       0x18 ../LUFA/LUFA/Drivers/USB/Class/Host/MIDIClassHost.o
 .debug_aranges
                0x00000668       0x18 ../LUFA/LUFA/Drivers/USB/Class/Host/PrinterClassHost.o
 .debug_aranges
                0x00000680       0x18 ../LUFA/LUFA/Drivers/USB/Class/Host/RNDISClassHost.o
 .debug_aranges
                0x00000698       0x18 ../LUFA/LUFA/Drivers/USB/Class/Host/StillImageClassHost.o
 .debug_aranges
                0x000006b0       0x20 /usr/local/CrossPack-AVR-20131216/lib/gcc/avr/4.8.1/avr5/libgcc.a(_udivmodhi4.o)
 .debug_aranges
                0x000006d0       0x20 /usr/local/CrossPack-AVR-20131216/lib/gcc/avr/4.8.1/avr5/libgcc.a(_divmodhi4.o)
 .debug_aranges
                0x000006f0       0x20 /usr/local/CrossPack-AVR-20131216/lib/gcc/avr/4.8.1/avr5/libgcc.a(_udivmodsi4.o)
 .debug_aranges
                0x00000710       0x20 /usr/local/CrossPack-AVR-20131216/lib/gcc/avr/4.8.1/avr5/libgcc.a(_exit.o)
 .debug_aranges
                0x00000730       0x20 /usr/local/CrossPack-AVR-20131216/lib/gcc/avr/4.8.1/avr5/libgcc.a(_copy_data.o)
 .debug_aranges
                0x00000750       0x20 /usr/local/CrossPack-AVR-20131216/lib/gcc/avr/4.8.1/avr5/libgcc.a(_clear_bss.o)
 .debug_aranges
                0x00000770       0x20 /usr/local/CrossPack-AVR-20131216/lib/gcc/avr/4.8.1/avr5/libgcc.a(_prologue.o)
 .debug_aranges
                0x00000790       0x20 /usr/local/CrossPack-AVR-20131216/lib/gcc/avr/4.8.1/avr5/libgcc.a(_epilogue.o)

.debug_pubnames
 *(.debug_pubnames)

.debug_info     0x00000000     0xd309
 *(.debug_info)
 .debug_info    0x00000000     0x2cc7 K7NVH_PoE_PDU.o
 .debug_info    0x00002cc7      0x786 Descriptors.o
 .debug_info    0x0000344d      0x73e ../LUFA/LUFA/Drivers/USB/Class/Common/HIDParser.o
 .debug_info    0x00003b8b       0xd2 ../LUFA/LUFA/Drivers/USB/Core/AVR8/Device_AVR8.o
 .debug_info    0x00003c5d     0x17b4 ../LUFA/LUFA/Drivers/USB/Core/AVR8/EndpointStream_AVR8.o
 .debug_info    0x00005411      0x614 ../LUFA/LUFA/Drivers/USB/Core/AVR8/Endpoint_AVR8.o
 .debug_info    0x00005a25       0x56 ../LUFA/LUFA/Drivers/USB/Core/AVR8/Host_AVR8.o
 .debug_info    0x00005a7b       0x56 ../LUFA/LUFA/Drivers/USB/Core/AVR8/PipeStream_AVR8.o
 .debug_info    0x00005ad1       0x56 ../LUFA/LUFA/Drivers/USB/Core/AVR8/Pipe_AVR8.o
 .debug_info    0x00005b27      0x4cb ../LUFA/LUFA/Drivers/USB/Core/AVR8/USBController_AVR8.o
 .debug_info    0x00005ff2      0x7c4 ../LUFA/LUFA/Drivers/USB/Core/AVR8/USBInterrupt_AVR8.o
 .debug_info    0x000067b6      0x3cd ../LUFA/LUFA/Drivers/USB/Core/ConfigDescriptors.o
 .debug_info    0x00006b83      0xa57 ../LUFA/LUFA/Drivers/USB/Core/DeviceStandardReq.o
 .debug_info    0x000075da       0x78 ../LUFA/LUFA/Drivers/USB/Core/Events.o
 .debug_info    0x00007652       0x56 ../LUFA/LUFA/Drivers/USB/Core/HostStandardReq.o
 .debug_info    0x000076a8      0x26b ../LUFA/LUFA/Drivers/USB/Core/USBTask.o
 .debug_info    0x00007913      0x8fc ../LUFA/LUFA/Drivers/USB/Class/Device/AudioClassDevice.o
 .debug_info    0x0000820f     0x1028 ../LUFA/LUFA/Drivers/USB/Class/Device/CDCClassDevice.o
 .debug_info    0x00009237      0xa07 ../LUFA/LUFA/Drivers/USB/Class/Device/HIDClassDevice.o
 .debug_info    0x00009c3e      0x95b ../LUFA/LUFA/Drivers/USB/Class/Device/MassStorageClassDevice.o
 .debug_info    0x0000a599      0x62f ../LUFA/LUFA/Drivers/USB/Class/Device/MIDIClassDevice.o
 .debug_info    0x0000abc8      0xce5 ../LUFA/LUFA/Drivers/USB/Class/Device/PrinterClassDevice.o
 .debug_info    0x0000b8ad     0x1166 ../LUFA/LUFA/Drivers/USB/Class/Device/RNDISClassDevice.o
 .debug_info    0x0000ca13       0x56 ../LUFA/LUFA/Drivers/USB/Class/Host/AndroidAccessoryClassHost.o
 .debug_info    0x0000ca69       0x56 ../LUFA/LUFA/Drivers/USB/Class/Host/AudioClassHost.o
 .debug_info    0x0000cabf       0x56 ../LUFA/LUFA/Drivers/USB/Class/Host/CDCClassHost.o
 .debug_info    0x0000cb15       0x56 ../LUFA/LUFA/Drivers/USB/Class/Host/HIDClassHost.o
 .debug_info    0x0000cb6b       0x56 ../LUFA/LUFA/Drivers/USB/Class/Host/MassStorageClassHost.o
 .debug_info    0x0000cbc1       0x56 ../LUFA/LUFA/Drivers/USB/Class/Host/MIDIClassHost.o
 .debug_info    0x0000cc17       0x56 ../LUFA/LUFA/Drivers/USB/Class/Host/PrinterClassHost.o
 .debug_info    0x0000cc6d       0x56 ../LUFA/LUFA/Drivers/USB/Class/Host/RNDISClassHost.o
 .debug_info    0x0000ccc3       0x56 ../LUFA/LUFA/Drivers/USB/Class/Host/StillImageClassHost.o
 .debug_info    0x0000cd19       0xbe /usr/local/CrossPack-AVR-20131216/lib/gcc/avr/4.8.1/avr5/libgcc.a(_udivmodhi4.o)
 .debug_info    0x0000cdd7       0xbe /usr/local/CrossPack-AVR-20131216/lib/gcc/avr/4.8.1/avr5/libgcc.a(_divmodhi4.o)
 .debug_info    0x0000ce95       0xbe /usr/local/CrossPack-AVR-20131216/lib/gcc/avr/4.8.1/avr5/libgcc.a(_udivmodsi4.o)
 .debug_info    0x0000cf53       0xbe /usr/local/CrossPack-AVR-20131216/lib/gcc/avr/4.8.1/avr5/libgcc.a(_exit.o)
 .debug_info    0x0000d011       0xbe /usr/local/CrossPack-AVR-20131216/lib/gcc/avr/4.8.1/avr5/libgcc.a(_copy_data.o)
 .debug_info    0x0000d0cf       0xbe /usr/local/CrossPack-AVR-20131216/lib/gcc/avr/4.8.1/avr5/libgcc.a(_clear_bss.o)
 .debug_info    0x0000d18d       0xbe /usr/local/CrossPack-AVR-20131216/lib/gcc/avr/4.8.1/avr5/libgcc.a(_prologue.o)
 .debug_info    0x0000d24b       0xbe /usr/local/CrossPack-AVR-20131216/lib/gcc/avr/4.8.1/avr5/libgcc.a(_epilogue.o)
 *(.gnu.linkonce.wi.*)

.debug_abbrev   0x00000000     0x2e74
 *(.debug_abbrev)
 .debug_abbrev  0x00000000      0x5a2 K7NVH_PoE_PDU.o
 .debug_abbrev  0x000005a2      0x14e Descriptors.o
 .debug_abbrev  0x000006f0      0x21e ../LUFA/LUFA/Drivers/USB/Class/Common/HIDParser.o
 .debug_abbrev  0x0000090e       0x80 ../LUFA/LUFA/Drivers/USB/Core/AVR8/Device_AVR8.o
 .debug_abbrev  0x0000098e      0x213 ../LUFA/LUFA/Drivers/USB/Core/AVR8/EndpointStream_AVR8.o
 .debug_abbrev  0x00000ba1      0x222 ../LUFA/LUFA/Drivers/USB/Core/AVR8/Endpoint_AVR8.o
 .debug_abbrev  0x00000dc3       0x26 ../LUFA/LUFA/Drivers/USB/Core/AVR8/Host_AVR8.o
 .debug_abbrev  0x00000de9       0x26 ../LUFA/LUFA/Drivers/USB/Core/AVR8/PipeStream_AVR8.o
 .debug_abbrev  0x00000e0f       0x26 ../LUFA/LUFA/Drivers/USB/Core/AVR8/Pipe_AVR8.o
 .debug_abbrev  0x00000e35      0x196 ../LUFA/LUFA/Drivers/USB/Core/AVR8/USBController_AVR8.o
 .debug_abbrev  0x00000fcb      0x234 ../LUFA/LUFA/Drivers/USB/Core/AVR8/USBInterrupt_AVR8.o
 .debug_abbrev  0x000011ff      0x183 ../LUFA/LUFA/Drivers/USB/Core/ConfigDescriptors.o
 .debug_abbrev  0x00001382      0x2c9 ../LUFA/LUFA/Drivers/USB/Core/DeviceStandardReq.o
 .debug_abbrev  0x0000164b       0x44 ../LUFA/LUFA/Drivers/USB/Core/Events.o
 .debug_abbrev  0x0000168f       0x26 ../LUFA/LUFA/Drivers/USB/Core/HostStandardReq.o
 .debug_abbrev  0x000016b5      0x168 ../LUFA/LUFA/Drivers/USB/Core/USBTask.o
 .debug_abbrev  0x0000181d      0x20c ../LUFA/LUFA/Drivers/USB/Class/Device/AudioClassDevice.o
 .debug_abbrev  0x00001a29      0x446 ../LUFA/LUFA/Drivers/USB/Class/Device/CDCClassDevice.o
 .debug_abbrev  0x00001e6f      0x26b ../LUFA/LUFA/Drivers/USB/Class/Device/HIDClassDevice.o
 .debug_abbrev  0x000020da      0x2a8 ../LUFA/LUFA/Drivers/USB/Class/Device/MassStorageClassDevice.o
 .debug_abbrev  0x00002382      0x243 ../LUFA/LUFA/Drivers/USB/Class/Device/MIDIClassDevice.o
 .debug_abbrev  0x000025c5      0x343 ../LUFA/LUFA/Drivers/USB/Class/Device/PrinterClassDevice.o
 .debug_abbrev  0x00002908      0x376 ../LUFA/LUFA/Drivers/USB/Class/Device/RNDISClassDevice.o
 .debug_abbrev  0x00002c7e       0x26 ../LUFA/LUFA/Drivers/USB/Class/Host/AndroidAccessoryClassHost.o
 .debug_abbrev  0x00002ca4       0x26 ../LUFA/LUFA/Drivers/USB/Class/Host/AudioClassHost.o
 .debug_abbrev  0x00002cca       0x26 ../LUFA/LUFA/Drivers/USB/Class/Host/CDCClassHost.o
 .debug_abbrev  0x00002cf0       0x26 ../LUFA/LUFA/Drivers/USB/Class/Host/HIDClassHost.o
 .debug_abbrev  0x00002d16       0x26 ../LUFA/LUFA/Drivers/USB/Class/Host/MassStorageClassHost.o
 .debug_abbrev  0x00002d3c       0x26 ../LUFA/LUFA/Drivers/USB/Class/Host/MIDIClassHost.o
 .debug_abbrev  0x00002d62       0x26 ../LUFA/LUFA/Drivers/USB/Class/Host/PrinterClassHost.o
 .debug_abbrev  0x00002d88       0x26 ../LUFA/LUFA/Drivers/USB/Class/Host/RNDISClassHost.o
 .debug_abbrev  0x00002dae       0x26 ../LUFA/LUFA/Drivers/USB/Class/Host/StillImageClassHost.o
 .debug_abbrev  0x00002dd4       0x14 /usr/local/CrossPack-AVR-20131216/lib/gcc/avr/4.8.1/avr5/libgcc.a(_udivmodhi4.o)
 .debug_abbrev  0x00002de8       0x14 /usr/local/CrossPack-AVR-20131216/lib/gcc/avr/4.8.1/avr5/libgcc.a(_divmodhi4.o)
 .debug_abbrev  0x00002dfc       0x14 /usr/local/CrossPack-AVR-20131216/lib/gcc/avr/4.8.1/avr5/libgcc.a(_udivmodsi4.o)
 .debug_abbrev  0x00002e10       0x14 /usr/local/CrossPack-AVR-20131216/lib/gcc/avr/4.8.1/avr5/libgcc.a(_exit.o)
 .debug_abbrev  0x00002e24       0x14 /usr/local/CrossPack-AVR-20131216/lib/gcc/avr/4.8.1/avr5/libgcc.a(_copy_data.o)
 .debug_abbrev  0x00002e38       0x14 /usr/local/CrossPack-AVR-20131216/lib/gcc/avr/4.8.1/avr5/libgcc.a(_clear_bss.o)
 .debug_abbrev  0x00002e4c       0x14 /usr/local/CrossPack-AVR-20131216/lib/gcc/avr/4.8.1/avr5/libgcc.a(_prologue.o)
 .debug_abbrev  0x00002e60       0x14 /usr/local/CrossPack-AVR-20131216/lib/gcc/avr/4.8.1/avr5/libgcc.a(_epilogue.o)

.debug_line     0x00000000     0x6be0
 *(.debug_line)
 .debug_line    0x00000000      0xccd K7NVH_PoE_PDU.o
 .debug_line    0x00000ccd      0x1f6 Descriptors.o
 .debug_line    0x00000ec3      0x58d ../LUFA/LUFA/Drivers/USB/Class/Common/HIDParser.o
 .debug_line    0x00001450      0x121 ../LUFA/LUFA/Drivers/USB/Core/AVR8/Device_AVR8.o
 .debug_line    0x00001571     0x14da ../LUFA/LUFA/Drivers/USB/Core/AVR8/EndpointStream_AVR8.o
 .debug_line    0x00002a4b      0x494 ../LUFA/LUFA/Drivers/USB/Core/AVR8/Endpoint_AVR8.o
 .debug_line    0x00002edf       0x1a ../LUFA/LUFA/Drivers/USB/Core/AVR8/Host_AVR8.o
 .debug_line    0x00002ef9       0x1a ../LUFA/LUFA/Drivers/USB/Core/AVR8/PipeStream_AVR8.o
 .debug_line    0x00002f13       0x1a ../LUFA/LUFA/Drivers/USB/Core/AVR8/Pipe_AVR8.o
 .debug_line    0x00002f2d      0x2ee ../LUFA/LUFA/Drivers/USB/Core/AVR8/USBController_AVR8.o
 .debug_line    0x0000321b      0x51c ../LUFA/LUFA/Drivers/USB/Core/AVR8/USBInterrupt_AVR8.o
 .debug_line    0x00003737      0x1f7 ../LUFA/LUFA/Drivers/USB/Core/ConfigDescriptors.o
 .debug_line    0x0000392e      0x46d ../LUFA/LUFA/Drivers/USB/Core/DeviceStandardReq.o
 .debug_line    0x00003d9b       0x54 ../LUFA/LUFA/Drivers/USB/Core/Events.o
 .debug_line    0x00003def       0x1a ../LUFA/LUFA/Drivers/USB/Core/HostStandardReq.o
 .debug_line    0x00003e09      0x173 ../LUFA/LUFA/Drivers/USB/Core/USBTask.o
 .debug_line    0x00003f7c      0x3fd ../LUFA/LUFA/Drivers/USB/Class/Device/AudioClassDevice.o
 .debug_line    0x00004379      0x919 ../LUFA/LUFA/Drivers/USB/Class/Device/CDCClassDevice.o
 .debug_line    0x00004c92      0x520 ../LUFA/LUFA/Drivers/USB/Class/Device/HIDClassDevice.o
 .debug_line    0x000051b2      0x4ab ../LUFA/LUFA/Drivers/USB/Class/Device/MassStorageClassDevice.o
 .debug_line    0x0000565d      0x391 ../LUFA/LUFA/Drivers/USB/Class/Device/MIDIClassDevice.o
 .debug_line    0x000059ee      0x6c5 ../LUFA/LUFA/Drivers/USB/Class/Device/PrinterClassDevice.o
 .debug_line    0x000060b3      0x6fa ../LUFA/LUFA/Drivers/USB/Class/Device/RNDISClassDevice.o
 .debug_line    0x000067ad       0x1a ../LUFA/LUFA/Drivers/USB/Class/Host/AndroidAccessoryClassHost.o
 .debug_line    0x000067c7       0x1a ../LUFA/LUFA/Drivers/USB/Class/Host/AudioClassHost.o
 .debug_line    0x000067e1       0x1a ../LUFA/LUFA/Drivers/USB/Class/Host/CDCClassHost.o
 .debug_line    0x000067fb       0x1a ../LUFA/LUFA/Drivers/USB/Class/Host/HIDClassHost.o
 .debug_line    0x00006815       0x1a ../LUFA/LUFA/Drivers/USB/Class/Host/MassStorageClassHost.o
 .debug_line    0x0000682f       0x1a ../LUFA/LUFA/Drivers/USB/Class/Host/MIDIClassHost.o
 .debug_line    0x00006849       0x1a ../LUFA/LUFA/Drivers/USB/Class/Host/PrinterClassHost.o
 .debug_line    0x00006863       0x1a ../LUFA/LUFA/Drivers/USB/Class/Host/RNDISClassHost.o
 .debug_line    0x0000687d       0x1a ../LUFA/LUFA/Drivers/USB/Class/Host/StillImageClassHost.o
 .debug_line    0x00006897       0x6a /usr/local/CrossPack-AVR-20131216/lib/gcc/avr/4.8.1/avr5/libgcc.a(_udivmodhi4.o)
 .debug_line    0x00006901       0x69 /usr/local/CrossPack-AVR-20131216/lib/gcc/avr/4.8.1/avr5/libgcc.a(_divmodhi4.o)
 .debug_line    0x0000696a       0x78 /usr/local/CrossPack-AVR-20131216/lib/gcc/avr/4.8.1/avr5/libgcc.a(_udivmodsi4.o)
 .debug_line    0x000069e2       0x58 /usr/local/CrossPack-AVR-20131216/lib/gcc/avr/4.8.1/avr5/libgcc.a(_exit.o)
 .debug_line    0x00006a3a       0x61 /usr/local/CrossPack-AVR-20131216/lib/gcc/avr/4.8.1/avr5/libgcc.a(_copy_data.o)
 .debug_line    0x00006a9b       0x5e /usr/local/CrossPack-AVR-20131216/lib/gcc/avr/4.8.1/avr5/libgcc.a(_clear_bss.o)
 .debug_line    0x00006af9       0x74 /usr/local/CrossPack-AVR-20131216/lib/gcc/avr/4.8.1/avr5/libgcc.a(_prologue.o)
 .debug_line    0x00006b6d       0x73 /usr/local/CrossPack-AVR-20131216/lib/gcc/avr/4.8.1/avr5/libgcc.a(_epilogue.o)

.debug_frame    0x00000000     0x1180
 *(.debug_frame)
 .debug_frame   0x00000000      0x2b4 K7NVH_PoE_PDU.o
 .debug_frame   0x000002b4       0x24 Descriptors.o
 .debug_frame   0x000002d8      0x114 ../LUFA/LUFA/Drivers/USB/Class/Common/HIDParser.o
 .debug_frame   0x000003ec       0x24 ../LUFA/LUFA/Drivers/USB/Core/AVR8/Device_AVR8.o
 .debug_frame   0x00000410      0x3ac ../LUFA/LUFA/Drivers/USB/Core/AVR8/EndpointStream_AVR8.o
 .debug_frame   0x000007bc       0x78 ../LUFA/LUFA/Drivers/USB/Core/AVR8/Endpoint_AVR8.o
 .debug_frame   0x00000834       0x58 ../LUFA/LUFA/Drivers/USB/Core/AVR8/USBController_AVR8.o
 .debug_frame   0x0000088c       0xe8 ../LUFA/LUFA/Drivers/USB/Core/AVR8/USBInterrupt_AVR8.o
 .debug_frame   0x00000974      0x108 ../LUFA/LUFA/Drivers/USB/Core/ConfigDescriptors.o
 .debug_frame   0x00000a7c       0x3c ../LUFA/LUFA/Drivers/USB/Core/DeviceStandardReq.o
 .debug_frame   0x00000ab8       0x24 ../LUFA/LUFA/Drivers/USB/Core/Events.o
 .debug_frame   0x00000adc       0x2c ../LUFA/LUFA/Drivers/USB/Core/USBTask.o
 .debug_frame   0x00000b08       0xa8 ../LUFA/LUFA/Drivers/USB/Class/Device/AudioClassDevice.o
 .debug_frame   0x00000bb0      0x1a0 ../LUFA/LUFA/Drivers/USB/Class/Device/CDCClassDevice.o
 .debug_frame   0x00000d50       0xe4 ../LUFA/LUFA/Drivers/USB/Class/Device/HIDClassDevice.o
 .debug_frame   0x00000e34       0x80 ../LUFA/LUFA/Drivers/USB/Class/Device/MassStorageClassDevice.o
 .debug_frame   0x00000eb4       0x70 ../LUFA/LUFA/Drivers/USB/Class/Device/MIDIClassDevice.o
 .debug_frame   0x00000f24      0x144 ../LUFA/LUFA/Drivers/USB/Class/Device/PrinterClassDevice.o
 .debug_frame   0x00001068      0x118 ../LUFA/LUFA/Drivers/USB/Class/Device/RNDISClassDevice.o

.debug_str      0x00000000     0x4531
 *(.debug_str)
 .debug_str     0x00000000      0xc32 K7NVH_PoE_PDU.o
                                0xcf2 (size before relaxing)
 .debug_str     0x00000c32      0x8f8 Descriptors.o
                                0xb61 (size before relaxing)
 .debug_str     0x0000152a      0x497 ../LUFA/LUFA/Drivers/USB/Class/Common/HIDParser.o
                                0x6c9 (size before relaxing)
 .debug_str     0x000019c1       0x79 ../LUFA/LUFA/Drivers/USB/Core/AVR8/Device_AVR8.o
                                0x205 (size before relaxing)
 .debug_str     0x00001a3a      0x65b ../LUFA/LUFA/Drivers/USB/Core/AVR8/EndpointStream_AVR8.o
                                0x868 (size before relaxing)
 .debug_str     0x00002095      0x2d8 ../LUFA/LUFA/Drivers/USB/Core/AVR8/Endpoint_AVR8.o
                                0x627 (size before relaxing)
 .debug_str     0x0000236d       0x2f ../LUFA/LUFA/Drivers/USB/Core/AVR8/Host_AVR8.o
                                0x1a4 (size before relaxing)
 .debug_str     0x0000239c       0x35 ../LUFA/LUFA/Drivers/USB/Core/AVR8/PipeStream_AVR8.o
                                0x1aa (size before relaxing)
 .debug_str     0x000023d1       0x2f ../LUFA/LUFA/Drivers/USB/Core/AVR8/Pipe_AVR8.o
                                0x1a4 (size before relaxing)
 .debug_str     0x00002400      0x27e ../LUFA/LUFA/Drivers/USB/Core/AVR8/USBController_AVR8.o
                                0x566 (size before relaxing)
 .debug_str     0x0000267e      0x177 ../LUFA/LUFA/Drivers/USB/Core/AVR8/USBInterrupt_AVR8.o
                                0x5e5 (size before relaxing)
 .debug_str     0x000027f5      0x229 ../LUFA/LUFA/Drivers/USB/Core/ConfigDescriptors.o
                                0x3ed (size before relaxing)
 .debug_str     0x00002a1e      0x403 ../LUFA/LUFA/Drivers/USB/Core/DeviceStandardReq.o
                                0x9d9 (size before relaxing)
 .debug_str     0x00002e21       0x36 ../LUFA/LUFA/Drivers/USB/Core/Events.o
                                0x1ab (size before relaxing)
 .debug_str     0x00002e57       0x30 ../LUFA/LUFA/Drivers/USB/Core/HostStandardReq.o
                                0x1a5 (size before relaxing)
 .debug_str     0x00002e87       0x44 ../LUFA/LUFA/Drivers/USB/Core/USBTask.o
                                0x38c (size before relaxing)
 .debug_str     0x00002ecb      0x285 ../LUFA/LUFA/Drivers/USB/Class/Device/AudioClassDevice.o
                                0x6c1 (size before relaxing)
 .debug_str     0x00003150      0x2b4 ../LUFA/LUFA/Drivers/USB/Class/Device/CDCClassDevice.o
                                0xa79 (size before relaxing)
 .debug_str     0x00003404      0x24d ../LUFA/LUFA/Drivers/USB/Class/Device/HIDClassDevice.o
                                0x713 (size before relaxing)
 .debug_str     0x00003651      0x266 ../LUFA/LUFA/Drivers/USB/Class/Device/MassStorageClassDevice.o
                                0x80d (size before relaxing)
 .debug_str     0x000038b7      0x11a ../LUFA/LUFA/Drivers/USB/Class/Device/MIDIClassDevice.o
                                0x682 (size before relaxing)
 .debug_str     0x000039d1      0x26e ../LUFA/LUFA/Drivers/USB/Class/Device/PrinterClassDevice.o
                                0x94b (size before relaxing)
 .debug_str     0x00003c3f      0x702 ../LUFA/LUFA/Drivers/USB/Class/Device/RNDISClassDevice.o
                                0xd83 (size before relaxing)
 .debug_str     0x00004341       0x40 ../LUFA/LUFA/Drivers/USB/Class/Host/AndroidAccessoryClassHost.o
                                0x1b5 (size before relaxing)
 .debug_str     0x00004381       0x35 ../LUFA/LUFA/Drivers/USB/Class/Host/AudioClassHost.o
                                0x1aa (size before relaxing)
 .debug_str     0x000043b6       0x33 ../LUFA/LUFA/Drivers/USB/Class/Host/CDCClassHost.o
                                0x1a8 (size before relaxing)
 .debug_str     0x000043e9       0x33 ../LUFA/LUFA/Drivers/USB/Class/Host/HIDClassHost.o
                                0x1a8 (size before relaxing)
 .debug_str     0x0000441c       0x3b ../LUFA/LUFA/Drivers/USB/Class/Host/MassStorageClassHost.o
                                0x1b0 (size before relaxing)
 .debug_str     0x00004457       0x34 ../LUFA/LUFA/Drivers/USB/Class/Host/MIDIClassHost.o
                                0x1a9 (size before relaxing)
 .debug_str     0x0000448b       0x37 ../LUFA/LUFA/Drivers/USB/Class/Host/PrinterClassHost.o
                                0x1ac (size before relaxing)
 .debug_str     0x000044c2       0x35 ../LUFA/LUFA/Drivers/USB/Class/Host/RNDISClassHost.o
                                0x1aa (size before relaxing)
 .debug_str     0x000044f7       0x3a ../LUFA/LUFA/Drivers/USB/Class/Host/StillImageClassHost.o
                                0x1af (size before relaxing)

.debug_loc      0x00000000     0x7a07
 *(.debug_loc)
 .debug_loc     0x00000000     0x11f5 K7NVH_PoE_PDU.o
 .debug_loc     0x000011f5      0x186 Descriptors.o
 .debug_loc     0x0000137b      0xab2 ../LUFA/LUFA/Drivers/USB/Class/Common/HIDParser.o
 .debug_loc     0x00001e2d     0x1db2 ../LUFA/LUFA/Drivers/USB/Core/AVR8/EndpointStream_AVR8.o
 .debug_loc     0x00003bdf      0x3f2 ../LUFA/LUFA/Drivers/USB/Core/AVR8/Endpoint_AVR8.o
 .debug_loc     0x00003fd1       0x49 ../LUFA/LUFA/Drivers/USB/Core/AVR8/USBController_AVR8.o
 .debug_loc     0x0000401a      0x333 ../LUFA/LUFA/Drivers/USB/Core/AVR8/USBInterrupt_AVR8.o
 .debug_loc     0x0000434d      0x5bd ../LUFA/LUFA/Drivers/USB/Core/ConfigDescriptors.o
 .debug_loc     0x0000490a      0x2be ../LUFA/LUFA/Drivers/USB/Core/DeviceStandardReq.o
 .debug_loc     0x00004bc8       0x49 ../LUFA/LUFA/Drivers/USB/Core/USBTask.o
 .debug_loc     0x00004c11      0x37c ../LUFA/LUFA/Drivers/USB/Class/Device/AudioClassDevice.o
 .debug_loc     0x00004f8d      0xa9d ../LUFA/LUFA/Drivers/USB/Class/Device/CDCClassDevice.o
 .debug_loc     0x00005a2a      0x43e ../LUFA/LUFA/Drivers/USB/Class/Device/HIDClassDevice.o
 .debug_loc     0x00005e68      0x29f ../LUFA/LUFA/Drivers/USB/Class/Device/MassStorageClassDevice.o
 .debug_loc     0x00006107      0x2b8 ../LUFA/LUFA/Drivers/USB/Class/Device/MIDIClassDevice.o
 .debug_loc     0x000063bf      0x84c ../LUFA/LUFA/Drivers/USB/Class/Device/PrinterClassDevice.o
 .debug_loc     0x00006c0b      0xdfc ../LUFA/LUFA/Drivers/USB/Class/Device/RNDISClassDevice.o

.debug_macinfo
 *(.debug_macinfo)

.debug_pubtypes
 *(.debug_pubtypes)

.debug_ranges   0x00000000      0x7c8
 *(.debug_ranges)
 .debug_ranges  0x00000000      0x108 K7NVH_PoE_PDU.o
 .debug_ranges  0x00000108       0x10 Descriptors.o
 .debug_ranges  0x00000118       0xd0 ../LUFA/LUFA/Drivers/USB/Class/Common/HIDParser.o
 .debug_ranges  0x000001e8       0x10 ../LUFA/LUFA/Drivers/USB/Core/AVR8/Device_AVR8.o
 .debug_ranges  0x000001f8      0x250 ../LUFA/LUFA/Drivers/USB/Core/AVR8/EndpointStream_AVR8.o
 .debug_ranges  0x00000448       0x90 ../LUFA/LUFA/Drivers/USB/Core/AVR8/Endpoint_AVR8.o
 .debug_ranges  0x000004d8       0x20 ../LUFA/LUFA/Drivers/USB/Core/AVR8/USBController_AVR8.o
 .debug_ranges  0x000004f8       0x28 ../LUFA/LUFA/Drivers/USB/Core/AVR8/USBInterrupt_AVR8.o
 .debug_ranges  0x00000520       0x30 ../LUFA/LUFA/Drivers/USB/Core/ConfigDescriptors.o
 .debug_ranges  0x00000550       0x28 ../LUFA/LUFA/Drivers/USB/Core/DeviceStandardReq.o
 .debug_ranges  0x00000578       0x10 ../LUFA/LUFA/Drivers/USB/Core/Events.o
 .debug_ranges  0x00000588       0x10 ../LUFA/LUFA/Drivers/USB/Core/USBTask.o
 .debug_ranges  0x00000598       0x20 ../LUFA/LUFA/Drivers/USB/Class/Device/AudioClassDevice.o
 .debug_ranges  0x000005b8       0x98 ../LUFA/LUFA/Drivers/USB/Class/Device/CDCClassDevice.o
 .debug_ranges  0x00000650       0x20 ../LUFA/LUFA/Drivers/USB/Class/Device/HIDClassDevice.o
 .debug_ranges  0x00000670       0x20 ../LUFA/LUFA/Drivers/USB/Class/Device/MassStorageClassDevice.o
 .debug_ranges  0x00000690       0x30 ../LUFA/LUFA/Drivers/USB/Class/Device/MIDIClassDevice.o
 .debug_ranges  0x000006c0       0x80 ../LUFA/LUFA/Drivers/USB/Class/Device/PrinterClassDevice.o
 .debug_ranges  0x00000740       0x88 ../LUFA/LUFA/Drivers/USB/Class/Device/RNDISClassDevice.o

.debug_macro
 *(.debug_macro)
OUTPUT(K7NVH_PoE_PDU.elf elf32-avr)
LOAD linker stubs

Cross Reference Table

Symbol                                            File
ADC_Inputs                                        K7NVH_PoE_PDU.o
ADC_Ports                                         K7NVH_PoE_PDU.o
Audio_Device_ConfigureEndpoints                   ../LUFA/LUFA/Drivers/USB/Class/Device/AudioClassDevice.o
Audio_Device_Event_Stub                           ../LUFA/LUFA/Drivers/USB/Class/Device/AudioClassDevice.o
Audio_Device_ProcessControlRequest                ../LUFA/LUFA/Drivers/USB/Class/Device/AudioClassDevice.o
CALLBACK_Audio_Device_GetSetEndpointProperty      ../LUFA/LUFA/Drivers/USB/Class/Device/AudioClassDevice.o
CALLBACK_Audio_Device_GetSetInterfaceProperty     ../LUFA/LUFA/Drivers/USB/Class/Device/AudioClassDevice.o
CALLBACK_HIDParser_FilterHIDReportItem            ../LUFA/LUFA/Drivers/USB/Class/Common/HIDParser.o
CALLBACK_HID_Device_CreateHIDReport               ../LUFA/LUFA/Drivers/USB/Class/Device/HIDClassDevice.o
CALLBACK_HID_Device_ProcessHIDReport              ../LUFA/LUFA/Drivers/USB/Class/Device/HIDClassDevice.o
CALLBACK_MS_Device_SCSICommandReceived            ../LUFA/LUFA/Drivers/USB/Class/Device/MassStorageClassDevice.o
CALLBACK_USB_GetDescriptor                        Descriptors.o
                                                  ../LUFA/LUFA/Drivers/USB/Core/DeviceStandardReq.o
CDC_Device_BytesReceived                          ../LUFA/LUFA/Drivers/USB/Class/Device/CDCClassDevice.o
CDC_Device_ConfigureEndpoints                     ../LUFA/LUFA/Drivers/USB/Class/Device/CDCClassDevice.o
                                                  K7NVH_PoE_PDU.o
CDC_Device_CreateBlockingStream                   ../LUFA/LUFA/Drivers/USB/Class/Device/CDCClassDevice.o
CDC_Device_CreateStream                           ../LUFA/LUFA/Drivers/USB/Class/Device/CDCClassDevice.o
                                                  K7NVH_PoE_PDU.o
CDC_Device_Event_Stub                             ../LUFA/LUFA/Drivers/USB/Class/Device/CDCClassDevice.o
CDC_Device_Flush                                  ../LUFA/LUFA/Drivers/USB/Class/Device/CDCClassDevice.o
CDC_Device_ProcessControlRequest                  ../LUFA/LUFA/Drivers/USB/Class/Device/CDCClassDevice.o
                                                  K7NVH_PoE_PDU.o
CDC_Device_ReceiveByte                            ../LUFA/LUFA/Drivers/USB/Class/Device/CDCClassDevice.o
                                                  K7NVH_PoE_PDU.o
CDC_Device_SendByte                               ../LUFA/LUFA/Drivers/USB/Class/Device/CDCClassDevice.o
CDC_Device_SendControlLineStateChange             ../LUFA/LUFA/Drivers/USB/Class/Device/CDCClassDevice.o
CDC_Device_SendData                               ../LUFA/LUFA/Drivers/USB/Class/Device/CDCClassDevice.o
CDC_Device_SendData_P                             ../LUFA/LUFA/Drivers/USB/Class/Device/CDCClassDevice.o
CDC_Device_SendString                             ../LUFA/LUFA/Drivers/USB/Class/Device/CDCClassDevice.o
CDC_Device_SendString_P                           ../LUFA/LUFA/Drivers/USB/Class/Device/CDCClassDevice.o
CDC_Device_USBTask                                ../LUFA/LUFA/Drivers/USB/Class/Device/CDCClassDevice.o
                                                  K7NVH_PoE_PDU.o
ConfigurationDescriptor                           Descriptors.o
DATA_IN                                           K7NVH_PoE_PDU.o
DATA_IN_POS                                       K7NVH_PoE_PDU.o
DeviceDescriptor                                  Descriptors.o
EVENT_Audio_Device_StreamStartStop                ../LUFA/LUFA/Drivers/USB/Class/Device/AudioClassDevice.o
EVENT_CDC_Device_BreakSent                        ../LUFA/LUFA/Drivers/USB/Class/Device/CDCClassDevice.o
EVENT_CDC_Device_ControLineStateChanged           ../LUFA/LUFA/Drivers/USB/Class/Device/CDCClassDevice.o
EVENT_CDC_Device_LineEncodingChanged              ../LUFA/LUFA/Drivers/USB/Class/Device/CDCClassDevice.o
EVENT_PRNT_Device_SoftReset                       ../LUFA/LUFA/Drivers/USB/Class/Device/PrinterClassDevice.o
EVENT_USB_Device_ConfigurationChanged             K7NVH_PoE_PDU.o
                                                  ../LUFA/LUFA/Drivers/USB/Core/DeviceStandardReq.o
EVENT_USB_Device_Connect                          K7NVH_PoE_PDU.o
                                                  ../LUFA/LUFA/Drivers/USB/Core/AVR8/USBInterrupt_AVR8.o
EVENT_USB_Device_ControlRequest                   K7NVH_PoE_PDU.o
                                                  ../LUFA/LUFA/Drivers/USB/Core/DeviceStandardReq.o
EVENT_USB_Device_Disconnect                       K7NVH_PoE_PDU.o
                                                  ../LUFA/LUFA/Drivers/USB/Core/AVR8/USBInterrupt_AVR8.o
EVENT_USB_Device_Reset                            ../LUFA/LUFA/Drivers/USB/Core/Events.o
                                                  ../LUFA/LUFA/Drivers/USB/Core/AVR8/USBInterrupt_AVR8.o
EVENT_USB_Device_StartOfFrame                     ../LUFA/LUFA/Drivers/USB/Core/Events.o
                                                  ../LUFA/LUFA/Drivers/USB/Core/AVR8/USBInterrupt_AVR8.o
EVENT_USB_Device_Suspend                          ../LUFA/LUFA/Drivers/USB/Core/Events.o
                                                  ../LUFA/LUFA/Drivers/USB/Core/AVR8/USBInterrupt_AVR8.o
EVENT_USB_Device_WakeUp                           ../LUFA/LUFA/Drivers/USB/Core/Events.o
                                                  ../LUFA/LUFA/Drivers/USB/Core/AVR8/USBInterrupt_AVR8.o
Endpoint_ClearEndpoints                           ../LUFA/LUFA/Drivers/USB/Core/AVR8/Endpoint_AVR8.o
Endpoint_ClearStatusStage                         ../LUFA/LUFA/Drivers/USB/Core/AVR8/Endpoint_AVR8.o
                                                  ../LUFA/LUFA/Drivers/USB/Class/Device/PrinterClassDevice.o
                                                  ../LUFA/LUFA/Drivers/USB/Class/Device/MassStorageClassDevice.o
                                                  ../LUFA/LUFA/Drivers/USB/Class/Device/HIDClassDevice.o
                                                  ../LUFA/LUFA/Drivers/USB/Class/Device/CDCClassDevice.o
                                                  ../LUFA/LUFA/Drivers/USB/Class/Device/AudioClassDevice.o
                                                  ../LUFA/LUFA/Drivers/USB/Core/DeviceStandardReq.o
Endpoint_ConfigureEndpointTable                   ../LUFA/LUFA/Drivers/USB/Core/AVR8/Endpoint_AVR8.o
                                                  ../LUFA/LUFA/Drivers/USB/Class/Device/RNDISClassDevice.o
                                                  ../LUFA/LUFA/Drivers/USB/Class/Device/PrinterClassDevice.o
                                                  ../LUFA/LUFA/Drivers/USB/Class/Device/MIDIClassDevice.o
                                                  ../LUFA/LUFA/Drivers/USB/Class/Device/MassStorageClassDevice.o
                                                  ../LUFA/LUFA/Drivers/USB/Class/Device/HIDClassDevice.o
                                                  ../LUFA/LUFA/Drivers/USB/Class/Device/CDCClassDevice.o
                                                  ../LUFA/LUFA/Drivers/USB/Class/Device/AudioClassDevice.o
Endpoint_ConfigureEndpoint_Prv                    ../LUFA/LUFA/Drivers/USB/Core/AVR8/Endpoint_AVR8.o
                                                  ../LUFA/LUFA/Drivers/USB/Core/AVR8/USBInterrupt_AVR8.o
                                                  ../LUFA/LUFA/Drivers/USB/Core/AVR8/USBController_AVR8.o
Endpoint_Discard_Stream                           ../LUFA/LUFA/Drivers/USB/Core/AVR8/EndpointStream_AVR8.o
Endpoint_Null_Stream                              ../LUFA/LUFA/Drivers/USB/Core/AVR8/EndpointStream_AVR8.o
Endpoint_Read_Control_EStream_BE                  ../LUFA/LUFA/Drivers/USB/Core/AVR8/EndpointStream_AVR8.o
Endpoint_Read_Control_EStream_LE                  ../LUFA/LUFA/Drivers/USB/Core/AVR8/EndpointStream_AVR8.o
Endpoint_Read_Control_Stream_BE                   ../LUFA/LUFA/Drivers/USB/Core/AVR8/EndpointStream_AVR8.o
Endpoint_Read_Control_Stream_LE                   ../LUFA/LUFA/Drivers/USB/Core/AVR8/EndpointStream_AVR8.o
                                                  ../LUFA/LUFA/Drivers/USB/Class/Device/RNDISClassDevice.o
                                                  ../LUFA/LUFA/Drivers/USB/Class/Device/HIDClassDevice.o
                                                  ../LUFA/LUFA/Drivers/USB/Class/Device/AudioClassDevice.o
Endpoint_Read_EStream_BE                          ../LUFA/LUFA/Drivers/USB/Core/AVR8/EndpointStream_AVR8.o
Endpoint_Read_EStream_LE                          ../LUFA/LUFA/Drivers/USB/Core/AVR8/EndpointStream_AVR8.o
Endpoint_Read_Stream_BE                           ../LUFA/LUFA/Drivers/USB/Core/AVR8/EndpointStream_AVR8.o
Endpoint_Read_Stream_LE                           ../LUFA/LUFA/Drivers/USB/Core/AVR8/EndpointStream_AVR8.o
                                                  ../LUFA/LUFA/Drivers/USB/Class/Device/RNDISClassDevice.o
                                                  ../LUFA/LUFA/Drivers/USB/Class/Device/MIDIClassDevice.o
                                                  ../LUFA/LUFA/Drivers/USB/Class/Device/MassStorageClassDevice.o
Endpoint_WaitUntilReady                           ../LUFA/LUFA/Drivers/USB/Core/AVR8/Endpoint_AVR8.o
                                                  ../LUFA/LUFA/Drivers/USB/Class/Device/RNDISClassDevice.o
                                                  ../LUFA/LUFA/Drivers/USB/Class/Device/PrinterClassDevice.o
                                                  ../LUFA/LUFA/Drivers/USB/Class/Device/MIDIClassDevice.o
                                                  ../LUFA/LUFA/Drivers/USB/Class/Device/CDCClassDevice.o
                                                  ../LUFA/LUFA/Drivers/USB/Core/AVR8/EndpointStream_AVR8.o
Endpoint_Write_Control_EStream_BE                 ../LUFA/LUFA/Drivers/USB/Core/AVR8/EndpointStream_AVR8.o
Endpoint_Write_Control_EStream_LE                 ../LUFA/LUFA/Drivers/USB/Core/AVR8/EndpointStream_AVR8.o
Endpoint_Write_Control_PStream_BE                 ../LUFA/LUFA/Drivers/USB/Core/AVR8/EndpointStream_AVR8.o
Endpoint_Write_Control_PStream_LE                 ../LUFA/LUFA/Drivers/USB/Core/AVR8/EndpointStream_AVR8.o
                                                  ../LUFA/LUFA/Drivers/USB/Core/DeviceStandardReq.o
Endpoint_Write_Control_Stream_BE                  ../LUFA/LUFA/Drivers/USB/Core/AVR8/EndpointStream_AVR8.o
Endpoint_Write_Control_Stream_LE                  ../LUFA/LUFA/Drivers/USB/Core/AVR8/EndpointStream_AVR8.o
                                                  ../LUFA/LUFA/Drivers/USB/Class/Device/RNDISClassDevice.o
                                                  ../LUFA/LUFA/Drivers/USB/Class/Device/PrinterClassDevice.o
                                                  ../LUFA/LUFA/Drivers/USB/Class/Device/HIDClassDevice.o
                                                  ../LUFA/LUFA/Drivers/USB/Class/Device/AudioClassDevice.o
                                                  ../LUFA/LUFA/Drivers/USB/Core/DeviceStandardReq.o
Endpoint_Write_EStream_BE                         ../LUFA/LUFA/Drivers/USB/Core/AVR8/EndpointStream_AVR8.o
Endpoint_Write_EStream_LE                         ../LUFA/LUFA/Drivers/USB/Core/AVR8/EndpointStream_AVR8.o
Endpoint_Write_PStream_BE                         ../LUFA/LUFA/Drivers/USB/Core/AVR8/EndpointStream_AVR8.o
Endpoint_Write_PStream_LE                         ../LUFA/LUFA/Drivers/USB/Core/AVR8/EndpointStream_AVR8.o
                                                  ../LUFA/LUFA/Drivers/USB/Class/Device/CDCClassDevice.o
Endpoint_Write_Stream_BE                          ../LUFA/LUFA/Drivers/USB/Core/AVR8/EndpointStream_AVR8.o
Endpoint_Write_Stream_LE                          ../LUFA/LUFA/Drivers/USB/Core/AVR8/EndpointStream_AVR8.o
                                                  ../LUFA/LUFA/Drivers/USB/Class/Device/RNDISClassDevice.o
                                                  ../LUFA/LUFA/Drivers/USB/Class/Device/PrinterClassDevice.o
                                                  ../LUFA/LUFA/Drivers/USB/Class/Device/MIDIClassDevice.o
                                                  ../LUFA/LUFA/Drivers/USB/Class/Device/MassStorageClassDevice.o
                                                  ../LUFA/LUFA/Drivers/USB/Class/Device/HIDClassDevice.o
                                                  ../LUFA/LUFA/Drivers/USB/Class/Device/CDCClassDevice.o
HID_Device_ConfigureEndpoints                     ../LUFA/LUFA/Drivers/USB/Class/Device/HIDClassDevice.o
HID_Device_ProcessControlRequest                  ../LUFA/LUFA/Drivers/USB/Class/Device/HIDClassDevice.o
HID_Device_USBTask                                ../LUFA/LUFA/Drivers/USB/Class/Device/HIDClassDevice.o
LanguageString                                    Descriptors.o
MIDI_Device_ConfigureEndpoints                    ../LUFA/LUFA/Drivers/USB/Class/Device/MIDIClassDevice.o
MIDI_Device_Flush                                 ../LUFA/LUFA/Drivers/USB/Class/Device/MIDIClassDevice.o
MIDI_Device_ReceiveEventPacket                    ../LUFA/LUFA/Drivers/USB/Class/Device/MIDIClassDevice.o
MIDI_Device_SendEventPacket                       ../LUFA/LUFA/Drivers/USB/Class/Device/MIDIClassDevice.o
MIDI_Device_USBTask                               ../LUFA/LUFA/Drivers/USB/Class/Device/MIDIClassDevice.o
MS_Device_ConfigureEndpoints                      ../LUFA/LUFA/Drivers/USB/Class/Device/MassStorageClassDevice.o
MS_Device_ProcessControlRequest                   ../LUFA/LUFA/Drivers/USB/Class/Device/MassStorageClassDevice.o
MS_Device_USBTask                                 ../LUFA/LUFA/Drivers/USB/Class/Device/MassStorageClassDevice.o
ManufacturerString                                Descriptors.o
PORT_BOOT_STATE                                   K7NVH_PoE_PDU.o
PORT_STATE                                        K7NVH_PoE_PDU.o
PRNT_Device_BytesReceived                         ../LUFA/LUFA/Drivers/USB/Class/Device/PrinterClassDevice.o
PRNT_Device_ConfigureEndpoints                    ../LUFA/LUFA/Drivers/USB/Class/Device/PrinterClassDevice.o
PRNT_Device_CreateBlockingStream                  ../LUFA/LUFA/Drivers/USB/Class/Device/PrinterClassDevice.o
PRNT_Device_CreateStream                          ../LUFA/LUFA/Drivers/USB/Class/Device/PrinterClassDevice.o
PRNT_Device_Event_Stub                            ../LUFA/LUFA/Drivers/USB/Class/Device/PrinterClassDevice.o
PRNT_Device_Flush                                 ../LUFA/LUFA/Drivers/USB/Class/Device/PrinterClassDevice.o
PRNT_Device_ProcessControlRequest                 ../LUFA/LUFA/Drivers/USB/Class/Device/PrinterClassDevice.o
PRNT_Device_ReceiveByte                           ../LUFA/LUFA/Drivers/USB/Class/Device/PrinterClassDevice.o
PRNT_Device_SendByte                              ../LUFA/LUFA/Drivers/USB/Class/Device/PrinterClassDevice.o
PRNT_Device_SendData                              ../LUFA/LUFA/Drivers/USB/Class/Device/PrinterClassDevice.o
PRNT_Device_SendString                            ../LUFA/LUFA/Drivers/USB/Class/Device/PrinterClassDevice.o
PRNT_Device_USBTask                               ../LUFA/LUFA/Drivers/USB/Class/Device/PrinterClassDevice.o
Ports_Pins                                        K7NVH_PoE_PDU.o
ProductString                                     Descriptors.o
RNDIS_Device_ConfigureEndpoints                   ../LUFA/LUFA/Drivers/USB/Class/Device/RNDISClassDevice.o
RNDIS_Device_IsPacketReceived                     ../LUFA/LUFA/Drivers/USB/Class/Device/RNDISClassDevice.o
RNDIS_Device_ProcessControlRequest                ../LUFA/LUFA/Drivers/USB/Class/Device/RNDISClassDevice.o
RNDIS_Device_ReadPacket                           ../LUFA/LUFA/Drivers/USB/Class/Device/RNDISClassDevice.o
RNDIS_Device_SendPacket                           ../LUFA/LUFA/Drivers/USB/Class/Device/RNDISClassDevice.o
RNDIS_Device_USBTask                              ../LUFA/LUFA/Drivers/USB/Class/Device/RNDISClassDevice.o
STR_Backspace                                     K7NVH_PoE_PDU.o
STR_Command_DEBUG                                 K7NVH_PoE_PDU.o
STR_Command_HELP                                  K7NVH_PoE_PDU.o
STR_Command_PCYCLE                                K7NVH_PoE_PDU.o
STR_Command_POFF                                  K7NVH_PoE_PDU.o
STR_Command_PON                                   K7NVH_PoE_PDU.o
STR_Command_PSTATUS                               K7NVH_PoE_PDU.o
STR_Command_SETCYCLE                              K7NVH_PoE_PDU.o
STR_Command_SETDEF                                K7NVH_PoE_PDU.o
STR_Command_SETICAL                               K7NVH_PoE_PDU.o
STR_Command_SETLIMIT                              K7NVH_PoE_PDU.o
STR_Command_SETNAME                               K7NVH_PoE_PDU.o
STR_Command_SETVCAL                               K7NVH_PoE_PDU.o
STR_Command_SETVCTL                               K7NVH_PoE_PDU.o
STR_Command_SETVREF                               K7NVH_PoE_PDU.o
STR_Command_STATUS                                K7NVH_PoE_PDU.o
STR_Command_VCTL                                  K7NVH_PoE_PDU.o
STR_Disabled                                      K7NVH_PoE_PDU.o
STR_Enabled                                       K7NVH_PoE_PDU.o
STR_Help_Info                                     K7NVH_PoE_PDU.o
STR_ICAL                                          K7NVH_PoE_PDU.o
STR_NR_Port                                       K7NVH_PoE_PDU.o
STR_Overload                                      K7NVH_PoE_PDU.o
STR_PCYCLE_Time                                   K7NVH_PoE_PDU.o
STR_Port_CutOff                                   K7NVH_PoE_PDU.o
STR_Port_CutOn                                    K7NVH_PoE_PDU.o
STR_Port_Default                                  K7NVH_PoE_PDU.o
STR_Port_Limit                                    K7NVH_PoE_PDU.o
STR_Port_VCTL                                     K7NVH_PoE_PDU.o
STR_Unrecognized                                  K7NVH_PoE_PDU.o
STR_VCAL                                          K7NVH_PoE_PDU.o
STR_VCTL                                          K7NVH_PoE_PDU.o
STR_VREF                                          K7NVH_PoE_PDU.o
USB_ControlRequest                                ../LUFA/LUFA/Drivers/USB/Class/Device/RNDISClassDevice.o
                                                  ../LUFA/LUFA/Drivers/USB/Class/Device/PrinterClassDevice.o
                                                  ../LUFA/LUFA/Drivers/USB/Class/Device/MassStorageClassDevice.o
                                                  ../LUFA/LUFA/Drivers/USB/Class/Device/HIDClassDevice.o
                                                  ../LUFA/LUFA/Drivers/USB/Class/Device/CDCClassDevice.o
                                                  ../LUFA/LUFA/Drivers/USB/Class/Device/AudioClassDevice.o
                                                  ../LUFA/LUFA/Drivers/USB/Core/USBTask.o
                                                  ../LUFA/LUFA/Drivers/USB/Core/DeviceStandardReq.o
                                                  ../LUFA/LUFA/Drivers/USB/Core/AVR8/Endpoint_AVR8.o
                                                  ../LUFA/LUFA/Drivers/USB/Core/AVR8/EndpointStream_AVR8.o
USB_DeviceState                                   ../LUFA/LUFA/Drivers/USB/Class/Device/RNDISClassDevice.o
                                                  ../LUFA/LUFA/Drivers/USB/Class/Device/PrinterClassDevice.o
                                                  ../LUFA/LUFA/Drivers/USB/Class/Device/MIDIClassDevice.o
                                                  ../LUFA/LUFA/Drivers/USB/Class/Device/MassStorageClassDevice.o
                                                  ../LUFA/LUFA/Drivers/USB/Class/Device/HIDClassDevice.o
                                                  ../LUFA/LUFA/Drivers/USB/Class/Device/CDCClassDevice.o
                                                  ../LUFA/LUFA/Drivers/USB/Core/USBTask.o
                                                  ../LUFA/LUFA/Drivers/USB/Core/DeviceStandardReq.o
                                                  ../LUFA/LUFA/Drivers/USB/Core/AVR8/USBInterrupt_AVR8.o
                                                  ../LUFA/LUFA/Drivers/USB/Core/AVR8/USBController_AVR8.o
                                                  ../LUFA/LUFA/Drivers/USB/Core/AVR8/Endpoint_AVR8.o
                                                  ../LUFA/LUFA/Drivers/USB/Core/AVR8/EndpointStream_AVR8.o
USB_Device_ConfigurationNumber                    ../LUFA/LUFA/Drivers/USB/Core/DeviceStandardReq.o
                                                  ../LUFA/LUFA/Drivers/USB/Core/AVR8/USBInterrupt_AVR8.o
                                                  ../LUFA/LUFA/Drivers/USB/Core/AVR8/USBController_AVR8.o
USB_Device_CurrentlySelfPowered                   ../LUFA/LUFA/Drivers/USB/Core/DeviceStandardReq.o
                                                  ../LUFA/LUFA/Drivers/USB/Core/AVR8/USBController_AVR8.o
USB_Device_ProcessControlRequest                  ../LUFA/LUFA/Drivers/USB/Core/DeviceStandardReq.o
                                                  ../LUFA/LUFA/Drivers/USB/Core/USBTask.o
                                                  ../LUFA/LUFA/Drivers/USB/Core/AVR8/USBInterrupt_AVR8.o
USB_Device_RemoteWakeupEnabled                    ../LUFA/LUFA/Drivers/USB/Core/DeviceStandardReq.o
                                                  ../LUFA/LUFA/Drivers/USB/Core/AVR8/USBController_AVR8.o
USB_Device_SendRemoteWakeup                       ../LUFA/LUFA/Drivers/USB/Core/AVR8/Device_AVR8.o
USB_Disable                                       ../LUFA/LUFA/Drivers/USB/Core/AVR8/USBController_AVR8.o
USB_Event_Stub                                    ../LUFA/LUFA/Drivers/USB/Core/Events.o
USB_GetHIDReportItemInfo                          ../LUFA/LUFA/Drivers/USB/Class/Common/HIDParser.o
USB_GetHIDReportSize                              ../LUFA/LUFA/Drivers/USB/Class/Common/HIDParser.o
USB_GetNextDescriptorComp                         ../LUFA/LUFA/Drivers/USB/Core/ConfigDescriptors.o
USB_GetNextDescriptorOfType                       ../LUFA/LUFA/Drivers/USB/Core/ConfigDescriptors.o
USB_GetNextDescriptorOfTypeAfter                  ../LUFA/LUFA/Drivers/USB/Core/ConfigDescriptors.o
USB_GetNextDescriptorOfTypeBefore                 ../LUFA/LUFA/Drivers/USB/Core/ConfigDescriptors.o
USB_INT_ClearAllInterrupts                        ../LUFA/LUFA/Drivers/USB/Core/AVR8/USBInterrupt_AVR8.o
                                                  ../LUFA/LUFA/Drivers/USB/Core/AVR8/USBController_AVR8.o
USB_INT_DisableAllInterrupts                      ../LUFA/LUFA/Drivers/USB/Core/AVR8/USBInterrupt_AVR8.o
                                                  ../LUFA/LUFA/Drivers/USB/Core/AVR8/USBController_AVR8.o
USB_Init                                          ../LUFA/LUFA/Drivers/USB/Core/AVR8/USBController_AVR8.o
                                                  K7NVH_PoE_PDU.o
USB_IsInitialized                                 ../LUFA/LUFA/Drivers/USB/Core/USBTask.o
                                                  ../LUFA/LUFA/Drivers/USB/Core/AVR8/USBController_AVR8.o
USB_ProcessHIDReport                              ../LUFA/LUFA/Drivers/USB/Class/Common/HIDParser.o
USB_ResetInterface                                ../LUFA/LUFA/Drivers/USB/Core/AVR8/USBController_AVR8.o
USB_SetHIDReportItemInfo                          ../LUFA/LUFA/Drivers/USB/Class/Common/HIDParser.o
USB_USBTask                                       ../LUFA/LUFA/Drivers/USB/Core/USBTask.o
                                                  ../LUFA/LUFA/Drivers/USB/Class/Device/PrinterClassDevice.o
                                                  ../LUFA/LUFA/Drivers/USB/Class/Device/CDCClassDevice.o
                                                  K7NVH_PoE_PDU.o
VirtualSerial_CDC_Interface                       K7NVH_PoE_PDU.o
__addsf3                                          /usr/local/CrossPack-AVR-20131216/lib/gcc/avr/4.8.1/../../../../avr/lib/avr5/libm.a(addsf3.o)
__addsf3x                                         /usr/local/CrossPack-AVR-20131216/lib/gcc/avr/4.8.1/../../../../avr/lib/avr5/libm.a(addsf3x.o)